******************************************************************************
                  TI ARM Linker PC v20.2.7                     
******************************************************************************
>> Linked Tue Nov 12 14:25:18 2024

OUTPUT FILE NAME:   <Final.out>
ENTRY POINT SYMBOL: "_c_int00_noargs"  address: 00005731


MEMORY CONFIGURATION

         name            origin    length      used     unused   attr    fill
----------------------  --------  ---------  --------  --------  ----  --------
  FLASH                 00000000   00040000  00005b1f  0003a4e1  R  X
  SRAM                  20000000   00008000  00000feb  00007015  RW X


SEGMENT ALLOCATION MAP

run origin  load origin   length   init length attrs members
----------  ----------- ---------- ----------- ----- -------
00000000    00000000    00005b28   00005b28    r-x
  00000000    00000000    0000026c   0000026c    r-- .intvecs
  0000026c    0000026c    00005708   00005708    r-x .text
  00005978    00005978    0000014b   0000014b    r-- .const
  00005ac8    00005ac8    00000060   00000060    r-- .cinit
20000000    20000000    00000ff1   00000000    rw-
  20000000    20000000    0000026c   00000000    rw- .vtable
  20000270    20000270    00000800   00000000    rw- .stack
  20000a70    20000a70    00000400   00000000    rw- .sysmem
  20000e70    20000e70    000000d6   00000000    rw- .bss
  20000f48    20000f48    000000a9   00000000    rw- .data


SECTION ALLOCATION MAP

 output                                  attributes/
section   page    origin      length       input sections
--------  ----  ----------  ----------   ----------------
.intvecs   0    00000000    0000026c     
                  00000000    0000026c     tm4c123gh6pm_startup_ccs.obj (.intvecs)

.text      0    0000026c    00005708     
                  0000026c    00000dac     main.obj (.text)
                  00001018    00000c20     open_interface.obj (.text)
                  00001c38    00000a4e     rtsv7M4_T_le_v4SPD16_eabi.lib : _printfi.c.obj (.text:__TI_printfi)
                  00002686    00000002                                   : _lock.c.obj (.text:_nop)
                  00002688    000009d0                                   : e_pow.c.obj (.text:pow)
                  00003058    00000328     lcd.obj (.text)
                  00003380    000002b0     movement.obj (.text)
                  00003630    00000270     rtsv7M4_T_le_v4SPD16_eabi.lib : _printfi.c.obj (.text:_pconv_a)
                  000038a0    0000024c     servo.obj (.text)
                  00003aec    00000248     Timer.obj (.text)
                  00003d34    00000238     ping.obj (.text)
                  00003f6c    000001d0     rtsv7M4_T_le_v4SPD16_eabi.lib : _printfi.c.obj (.text:_pconv_g)
                  0000413c    000001b6                                   : fd_add_t2.asm.obj (.text)
                  000042f2    00000002                                   : div0.asm.obj (.text)
                  000042f4    000001a4     uart.obj (.text)
                  00004498    00000158     rtsv7M4_T_le_v4SPD16_eabi.lib : e_sqrt.c.obj (.text:sqrt)
                  000045f0    0000013c                                   : _printfi.c.obj (.text:_pconv_e)
                  0000472c    00000136                                   : fd_div_t2.asm.obj (.text)
                  00004862    00000002     --HOLE-- [fill = 0]
                  00004864    00000124                                   : _printfi.c.obj (.text:fcvt)
                  00004988    00000110                                   : s_scalbn.c.obj (.text:scalbn)
                  00004a98    00000100                                   : memory.c.obj (.text:aligned_alloc)
                  00004b98    000000fc     adc.obj (.text)
                  00004c94    000000fc     rtsv7M4_T_le_v4SPD16_eabi.lib : fd_mul_t2.asm.obj (.text)
                  00004d90    000000e4                                   : memory.c.obj (.text:free)
                  00004e74    000000b1                                   : _printfi.c.obj (.text:_ltostr)
                  00004f25    00000001     --HOLE-- [fill = 0]
                  00004f26    0000009c                                   : memcpy_t2.asm.obj (.text)
                  00004fc2    00000096                                   : ull_div_t2.asm.obj (.text)
                  00005058    00000086                                   : fd_cmp_t2.asm.obj (.text:__aeabi_cdcmple)
                  000050de    00000086                                   : fd_cmp_t2.asm.obj (.text:__aeabi_cdrcmple)
                  00005164    0000007a                                   : memset_t2.asm.obj (.text)
                  000051de    00000002     --HOLE-- [fill = 0]
                  000051e0    00000070                                   : memory.c.obj (.text:split)
                  00005250    0000006e                                   : _printfi.c.obj (.text:_mcpy)
                  000052be    0000006e                                   : fd_tos_t2.asm.obj (.text)
                  0000532c    00000068                                   : copy_decompress_lzss.c.obj (.text:decompress:lzss:__TI_decompress_lzss)
                  00005394    00000064                                   : s_frexp.c.obj (.text:frexp)
                  000053f8    00000056                                   : _printfi.c.obj (.text:_pconv_f)
                  0000544e    00000054                                   : _ltoa.c.obj (.text:__TI_ltoa)
                  000054a2    00000052                                   : _printfi.c.obj (.text:_ecpy)
                  000054f4    0000004c                                   : atoi.c.obj (.text:atoi)
                  00005540    00000048                                   : fd_toi_t2.asm.obj (.text)
                  00005588    00000044                                   : autoinit.c.obj (.text:__TI_auto_init_nobinit_nopinit:__TI_auto_init_nobinit_nopinit)
                  000055cc    00000040                                   : sprintf.c.obj (.text:sprintf)
                  0000560c    00000040                                   : vsnprintf.c.obj (.text:vsnprintf)
                  0000564c    0000003e                                   : _printfi.c.obj (.text:_fcpy)
                  0000568a    00000002     --HOLE-- [fill = 0]
                  0000568c    00000038                                   : memory.c.obj (.text:calloc)
                  000056c4    00000038                                   : fs_tod_t2.asm.obj (.text)
                  000056fc    00000034     driverlib.lib : interrupt.obj (.text:IntRegister)
                  00005730    00000034     rtsv7M4_T_le_v4SPD16_eabi.lib : boot_cortex_m.c.obj (.text:_c_int00_noargs:_c_int00_noargs)
                  00005764    00000030                                   : vsnprintf.c.obj (.text:_outs)
                  00005794    0000002e                                   : i_tofd_t2.asm.obj (.text)
                  000057c2    00000002     --HOLE-- [fill = 0]
                  000057c4    00000028                                   : memory.c.obj (.text:free_list_insert)
                  000057ec    0000001c                                   : copy_zero_init.c.obj (.text:decompress:ZI:__TI_zero_init_nomemset:__TI_zero_init_nomemset)
                  00005808    0000001c                                   : memory.c.obj (.text:free_list_remove)
                  00005824    0000001c                                   : memccpy.c.obj (.text:memccpy)
                  00005840    0000001a                                   : s_copysign.c.obj (.text:copysign)
                  0000585a    00000018                                   : vsnprintf.c.obj (.text:_outc)
                  00005872    00000018                                   : sprintf.c.obj (.text:_outs)
                  0000588a    00000018     open_interface.obj (.text:oi_parseInt)
                  000058a2    00000018     rtsv7M4_T_le_v4SPD16_eabi.lib : strcmp.c.obj (.text:strcmp)
                  000058ba    00000016                                   : strchr.c.obj (.text:strchr)
                  000058d0    00000014                                   : strcpy.c.obj (.text:strcpy)
                  000058e4    00000014                                   : strlen.c.obj (.text:strlen)
                  000058f8    00000012                                   : wcslen.c.obj (.text:wcslen)
                  0000590a    00000010     driverlib.lib : interrupt.obj (.text:IntMasterEnable)
                  0000591a    00000010     lcd.obj (.text:lcd_clear)
                  0000592a    0000000e     rtsv7M4_T_le_v4SPD16_eabi.lib : copy_decompress_none.c.obj (.text:decompress:none:__TI_decompress_none)
                  00005938    0000000c     driverlib.lib : cpu.obj (.text:CPUcpsie)
                  00005944    0000000c     tm4c123gh6pm_startup_ccs.obj (.text)
                  00005950    0000000a     rtsv7M4_T_le_v4SPD16_eabi.lib : sprintf.c.obj (.text:_outc)
                  0000595a    00000002     --HOLE-- [fill = 0]
                  0000595c    00000008                                   : errno.c.obj (.text:__aeabi_errno_addr)
                  00005964    00000008                                   : memory.c.obj (.text:malloc)
                  0000596c    00000004                                   : pre_init.c.obj (.text:_system_pre_init)
                  00005970    00000004                                   : exit.c.obj (.text:abort:abort)

.const     0    00005978    0000014b     
                  00005978    00000101     rtsv7M4_T_le_v4SPD16_eabi.lib : ctype.c.obj (.const:.string:_ctypes_)
                  00005a79    00000004     lcd.obj (.const:.string:lineAddress$1)
                  00005a7d    00000003     --HOLE-- [fill = 0]
                  00005a80    00000030     rtsv7M4_T_le_v4SPD16_eabi.lib : e_pow.c.obj (.const:$O1$$)
                  00005ab0    0000000f     open_interface.obj (.const:.string:$P$T0$3)
                  00005abf    00000004     lcd.obj (.const:.string:lineAddresses$2)

.cinit     0    00005ac8    00000060     
                  00005ac8    0000002b     (.cinit..data.load) [load image, compression = lzss]
                  00005af3    00000001     --HOLE-- [fill = 0]
                  00005af4    0000000c     (__TI_handler_table)
                  00005b00    00000008     (.cinit..bss.load) [load image, compression = zero_init]
                  00005b08    00000008     (.cinit..vtable.load) [load image, compression = zero_init]
                  00005b10    00000018     (__TI_cinit_table)

.init_array 
*          0    00000000    00000000     UNINITIALIZED

.vtable    0    20000000    0000026c     UNINITIALIZED
                  20000000    0000026c     driverlib.lib : interrupt.obj (.vtable)

.stack     0    20000270    00000800     UNINITIALIZED
                  20000270    00000004     rtsv7M4_T_le_v4SPD16_eabi.lib : boot_cortex_m.c.obj (.stack)
                  20000274    000007fc     --HOLE--

.sysmem    0    20000a70    00000400     UNINITIALIZED
                  20000a70    00000010     rtsv7M4_T_le_v4SPD16_eabi.lib : memory.c.obj (.sysmem)
                  20000a80    000003f0     --HOLE--

.bss       0    20000e70    000000d6     UNINITIALIZED
                  20000e70    00000054     lcd.obj (.bss:lastbuffer$3)
                  20000ec4    00000034     (.common:buffer)
                  20000ef8    00000018     open_interface.obj (.bss:firmware$2)
                  20000f10    00000008     (.common:a0)
                  20000f18    00000008     (.common:a1)
                  20000f20    00000008     (.common:a2)
                  20000f28    00000004     (.common:_timeout_ticks)
                  20000f2c    00000004     (.common:button_event)
                  20000f30    00000004     (.common:button_num)
                  20000f34    00000004     (.common:falling_time)
                  20000f38    00000004     (.common:i)
                  20000f3c    00000004     (.common:rising_time)
                  20000f40    00000004     (.common:sensor_data)
                  20000f44    00000001     (.common:state)
                  20000f45    00000001     (.common:uart_data)

.data      0    20000f48    000000a9     UNINITIALIZED
                  20000f48    00000048     main.obj (.data:M)
                  20000f90    00000020     open_interface.obj (.data)
                  20000fb0    00000014     main.obj (.data)
                  20000fc4    0000000c     main.obj (.data:b)
                  20000fd0    0000000c     servo.obj (.data)
                  20000fdc    00000008     rtsv7M4_T_le_v4SPD16_eabi.lib : _lock.c.obj (.data:$O1$$)
                  20000fe4    00000008                                   : memory.c.obj (.data:$O1$$)
                  20000fec    00000004                                   : errno.c.obj (.data)
                  20000ff0    00000001     Timer.obj (.data)

__llvm_prf_cnts 
*          0    20000000    00000000     UNINITIALIZED

MODULE SUMMARY

       Module                         code    ro data   rw data
       ------                         ----    -------   -------
    .\
       main.obj                       3500    0         198    
       open_interface.obj             3128    15        56     
       lcd.obj                        824     8         84     
       movement.obj                   688     0         0      
       tm4c123gh6pm_startup_ccs.obj   12      620       0      
       servo.obj                      588     0         12     
       Timer.obj                      584     0         5      
       ping.obj                       568     0         0      
       uart.obj                       420     0         0      
       adc.obj                        252     0         0      
       button.obj                     0       0         8      
    +--+------------------------------+-------+---------+---------+
       Total:                         10564   643       363    
                                                               
    C:/ti/TivaWare_C_Series-2.2.0.295/driverlib/ccs/Debug/driverlib.lib
       interrupt.obj                  68      0         620    
       cpu.obj                        12      0         0      
    +--+------------------------------+-------+---------+---------+
       Total:                         80      0         620    
                                                               
    C:\ti\ccs1281\ccs\tools\compiler\ti-cgt-arm_20.2.7.LTS\lib\rtsv7M4_T_le_v4SPD16_eabi.lib
       _printfi.c.obj                 4851    0         0      
       e_pow.c.obj                    2512    48        0      
       memory.c.obj                   728     0         8      
       fd_add_t2.asm.obj              438     0         0      
       e_sqrt.c.obj                   344     0         0      
       fd_div_t2.asm.obj              310     0         0      
       s_scalbn.c.obj                 272     0         0      
       fd_cmp_t2.asm.obj              268     0         0      
       ctype.c.obj                    0       257       0      
       fd_mul_t2.asm.obj              252     0         0      
       memcpy_t2.asm.obj              156     0         0      
       ull_div_t2.asm.obj             150     0         0      
       vsnprintf.c.obj                136     0         0      
       memset_t2.asm.obj              122     0         0      
       fd_tos_t2.asm.obj              110     0         0      
       copy_decompress_lzss.c.obj     104     0         0      
       s_frexp.c.obj                  100     0         0      
       sprintf.c.obj                  98      0         0      
       _ltoa.c.obj                    84      0         0      
       atoi.c.obj                     76      0         0      
       fd_toi_t2.asm.obj              72      0         0      
       autoinit.c.obj                 68      0         0      
       fs_tod_t2.asm.obj              56      0         0      
       boot_cortex_m.c.obj            52      0         0      
       i_tofd_t2.asm.obj              46      0         0      
       copy_zero_init.c.obj           28      0         0      
       memccpy.c.obj                  28      0         0      
       s_copysign.c.obj               26      0         0      
       strcmp.c.obj                   24      0         0      
       strchr.c.obj                   22      0         0      
       strcpy.c.obj                   20      0         0      
       strlen.c.obj                   20      0         0      
       wcslen.c.obj                   18      0         0      
       copy_decompress_none.c.obj     14      0         0      
       errno.c.obj                    8       0         4      
       _lock.c.obj                    2       0         8      
       exit.c.obj                     4       0         0      
       pre_init.c.obj                 4       0         0      
       div0.asm.obj                   2       0         0      
    +--+------------------------------+-------+---------+---------+
       Total:                         11625   305       20     
                                                               
       Heap:                          0       0         1024   
       Stack:                         0       0         2048   
       Linker Generated:              0       95        0      
    +--+------------------------------+-------+---------+---------+
       Grand Total:                   22269   1043      4075   


LINKER GENERATED COPY TABLES

__TI_cinit_table @ 00005b10 records: 3, size/record: 8, table size: 24
	.data: load addr=00005ac8, load size=0000002b bytes, run addr=20000f48, run size=000000a9 bytes, compression=lzss
	.bss: load addr=00005b00, load size=00000008 bytes, run addr=20000e70, run size=000000d6 bytes, compression=zero_init
	.vtable: load addr=00005b08, load size=00000008 bytes, run addr=20000000, run size=0000026c bytes, compression=zero_init


LINKER GENERATED HANDLER TABLE

__TI_handler_table @ 00005af4 records: 3, size/record: 4, table size: 12
	index: 0, handler: __TI_zero_init
	index: 1, handler: __TI_decompress_lzss
	index: 2, handler: __TI_decompress_none


GLOBAL SYMBOLS: SORTED ALPHABETICALLY BY Name 

address   name                          
-------   ----                          
00005971  C$$EXIT                       
00005939  CPUcpsie                      
0000196f  GPIOF_Handler                 
0000590b  IntMasterEnable               
000056fd  IntRegister                   
20000f48  M                             
00000f49  M_i                           
00005945  ResetISR                      
20000a70  __STACK_END                   
00000800  __STACK_SIZE                  
20000470  __STACK_TOP                   
00000400  __SYSMEM_SIZE                 
00005b10  __TI_CINIT_Base               
00005b28  __TI_CINIT_Limit              
00005af4  __TI_Handler_Table_Base       
00005b00  __TI_Handler_Table_Limit      
00005589  __TI_auto_init_nobinit_nopinit
0000532d  __TI_decompress_lzss          
0000592b  __TI_decompress_none          
0000544f  __TI_ltoa                     
ffffffff  __TI_pprof_out_hndl           
00001c39  __TI_printfi                  
ffffffff  __TI_prof_data_size           
ffffffff  __TI_prof_data_start          
00000000  __TI_static_base__            
000057ed  __TI_zero_init_nomemset       
00005059  __aeabi_cdcmpeq               
00005059  __aeabi_cdcmple               
000050df  __aeabi_cdrcmple              
000052bf  __aeabi_d2f                   
00005541  __aeabi_d2iz                  
00004147  __aeabi_dadd                  
0000472d  __aeabi_ddiv                  
00004c95  __aeabi_dmul                  
0000413d  __aeabi_dsub                  
0000595d  __aeabi_errno_addr            
000056c5  __aeabi_f2d                   
00005795  __aeabi_i2d                   
000042f3  __aeabi_idiv0                 
000042f3  __aeabi_ldiv0                 
00005165  __aeabi_memclr                
00005165  __aeabi_memclr4               
00005165  __aeabi_memclr8               
00004f27  __aeabi_memcpy                
00004f27  __aeabi_memcpy4               
00004f27  __aeabi_memcpy8               
00005167  __aeabi_memset                
00005167  __aeabi_memset4               
00005167  __aeabi_memset8               
00004fc3  __aeabi_uldivmod              
ffffffff  __binit__                     
ffffffff  __c_args__                    
UNDEFED   __mpu_init                    
20000270  __stack                       
20000000  __start___llvm_prf_cnts       
20000000  __stop___llvm_prf_cnts        
00005731  _c_int00_noargs               
00005978  _ctypes_                      
20000fdc  _lock                         
00002687  _nop                          
20000ff0  _running                      
20000a70  _sys_memory                   
UNDEFED   _system_post_cinit            
0000596d  _system_pre_init              
20000f28  _timeout_ticks                
20000fe0  _unlock                       
20000f10  a0                            
20000f18  a1                            
20000f20  a2                            
00005971  abort                         
00004b99  adc_init                      
00004c1f  adc_read                      
00004a99  aligned_alloc                 
000054f5  atoi                          
00000961  auto_move                     
20000fc4  b                             
ffffffff  binit                         
20000ec4  buffer                        
20000f2c  button_event                  
20000f30  button_num                    
00000ab5  calibrate                     
0000568d  calloc                        
00005841  copysign                      
00005841  copysignl                     
20000fd8  curr_val                      
20000fd0  delta_degrees                 
00000e51  det                           
20000fec  errno                         
20000f34  falling_time                  
20000fb8  flag                          
00004d91  free                          
00005395  frexp                         
00005395  frexpl                        
20000000  g_pfnRAMVectors               
00000000  g_pfnVectors                  
000035b3  go_around_left                
000035e9  go_around_right               
0000172b  go_charge                     
20000f38  i                             
00000fa1  initialize                    
0000591b  lcd_clear                     
0000322d  lcd_gotoLine                  
00003095  lcd_init                      
00003293  lcd_printf                    
00003155  lcd_putc                      
0000318d  lcd_puts                      
00003059  lcd_reverseNibble             
000031ab  lcd_sendCommand               
000031e9  lcd_sendNibble                
00003255  lcd_setCursorPos              
00004989  ldexp                         
00004989  ldexpl                        
0000026d  main                          
00005965  malloc                        
00004a99  memalign                      
00005825  memccpy                       
00004f27  memcpy                        
0000516d  memset                        
20000f90  motor_cal_factor_L            
20000f94  motor_cal_factor_R            
0000345b  move_backward                 
00003381  move_foward                   
00001019  oi_alloc                      
00001855  oi_checkFirmware              
00001073  oi_close                      
00001025  oi_free                       
00001b99  oi_getMotorCalibrationLeft    
00001bad  oi_getMotorCalibrationRight   
0000105d  oi_init                       
00001035  oi_init_noupdate              
000016c1  oi_loadSong                   
0000588b  oi_parseInt                   
000010d7  oi_parsePacket                
00001717  oi_play_song                  
000015f7  oi_setLeds                    
00001b5d  oi_setMotorCalibration        
0000163b  oi_setWheels                  
000018fd  oi_shutoff_init               
00001739  oi_uartInit                   
000017dd  oi_uartReceive                
00001823  oi_uartSendBuff               
000017c1  oi_uartSendChar               
00001805  oi_uartSendStr                
00001085  oi_update                     
00003d35  ping_initi                    
00003eb7  ping_interrupt_handler        
00003e8d  ping_interrupt_init           
00003dad  ping_read                     
00002689  pow                           
00002689  powl                          
20000f3c  rising_time                   
00004989  scalbn                        
00004989  scalbnl                       
000002f9  scan                          
00003e29  send_pulse                    
20000f40  sensor_data                   
000039bd  servo_cal                     
20000fd4  servo_dir                     
000038a1  servo_init                    
0000391d  servo_move                    
20000fb4  small_deg                     
20000fb0  small_distance                
000055cd  sprintf                       
00004499  sqrt                          
00004499  sqrtl                         
20000f44  state                         
000058bb  strchr                        
000058a3  strcmp                        
000058d1  strcpy                        
000058e5  strlen                        
00003c0b  timer_getMicros               
00003bb3  timer_getMillis               
00003aed  timer_init                    
00003b8f  timer_pause                   
00003ba1  timer_resume                  
00003b65  timer_stop                    
00003c65  timer_waitMicros              
00003c97  timer_waitMillis              
20000fbc  total_x_distance              
20000fc0  total_y_distance              
0000354f  turn_cclockwise               
000034db  turn_clockwise                
20000f45  uart_data                     
000042f5  uart_init                     
0000441d  uart_interrupt_handler        
000043ed  uart_interrupt_init           
0000439b  uart_receive                  
0000437f  uart_sendChar                 
000043cf  uart_sendStr                  
0000560d  vsnprintf                     
000058f9  wcslen                        


GLOBAL SYMBOLS: SORTED BY Symbol Address 

address   name                          
-------   ----                          
00000000  __TI_static_base__            
00000000  g_pfnVectors                  
0000026d  main                          
000002f9  scan                          
00000400  __SYSMEM_SIZE                 
00000800  __STACK_SIZE                  
00000961  auto_move                     
00000ab5  calibrate                     
00000e51  det                           
00000f49  M_i                           
00000fa1  initialize                    
00001019  oi_alloc                      
00001025  oi_free                       
00001035  oi_init_noupdate              
0000105d  oi_init                       
00001073  oi_close                      
00001085  oi_update                     
000010d7  oi_parsePacket                
000015f7  oi_setLeds                    
0000163b  oi_setWheels                  
000016c1  oi_loadSong                   
00001717  oi_play_song                  
0000172b  go_charge                     
00001739  oi_uartInit                   
000017c1  oi_uartSendChar               
000017dd  oi_uartReceive                
00001805  oi_uartSendStr                
00001823  oi_uartSendBuff               
00001855  oi_checkFirmware              
000018fd  oi_shutoff_init               
0000196f  GPIOF_Handler                 
00001b5d  oi_setMotorCalibration        
00001b99  oi_getMotorCalibrationLeft    
00001bad  oi_getMotorCalibrationRight   
00001c39  __TI_printfi                  
00002687  _nop                          
00002689  pow                           
00002689  powl                          
00003059  lcd_reverseNibble             
00003095  lcd_init                      
00003155  lcd_putc                      
0000318d  lcd_puts                      
000031ab  lcd_sendCommand               
000031e9  lcd_sendNibble                
0000322d  lcd_gotoLine                  
00003255  lcd_setCursorPos              
00003293  lcd_printf                    
00003381  move_foward                   
0000345b  move_backward                 
000034db  turn_clockwise                
0000354f  turn_cclockwise               
000035b3  go_around_left                
000035e9  go_around_right               
000038a1  servo_init                    
0000391d  servo_move                    
000039bd  servo_cal                     
00003aed  timer_init                    
00003b65  timer_stop                    
00003b8f  timer_pause                   
00003ba1  timer_resume                  
00003bb3  timer_getMillis               
00003c0b  timer_getMicros               
00003c65  timer_waitMicros              
00003c97  timer_waitMillis              
00003d35  ping_initi                    
00003dad  ping_read                     
00003e29  send_pulse                    
00003e8d  ping_interrupt_init           
00003eb7  ping_interrupt_handler        
0000413d  __aeabi_dsub                  
00004147  __aeabi_dadd                  
000042f3  __aeabi_idiv0                 
000042f3  __aeabi_ldiv0                 
000042f5  uart_init                     
0000437f  uart_sendChar                 
0000439b  uart_receive                  
000043cf  uart_sendStr                  
000043ed  uart_interrupt_init           
0000441d  uart_interrupt_handler        
00004499  sqrt                          
00004499  sqrtl                         
0000472d  __aeabi_ddiv                  
00004989  ldexp                         
00004989  ldexpl                        
00004989  scalbn                        
00004989  scalbnl                       
00004a99  aligned_alloc                 
00004a99  memalign                      
00004b99  adc_init                      
00004c1f  adc_read                      
00004c95  __aeabi_dmul                  
00004d91  free                          
00004f27  __aeabi_memcpy                
00004f27  __aeabi_memcpy4               
00004f27  __aeabi_memcpy8               
00004f27  memcpy                        
00004fc3  __aeabi_uldivmod              
00005059  __aeabi_cdcmpeq               
00005059  __aeabi_cdcmple               
000050df  __aeabi_cdrcmple              
00005165  __aeabi_memclr                
00005165  __aeabi_memclr4               
00005165  __aeabi_memclr8               
00005167  __aeabi_memset                
00005167  __aeabi_memset4               
00005167  __aeabi_memset8               
0000516d  memset                        
000052bf  __aeabi_d2f                   
0000532d  __TI_decompress_lzss          
00005395  frexp                         
00005395  frexpl                        
0000544f  __TI_ltoa                     
000054f5  atoi                          
00005541  __aeabi_d2iz                  
00005589  __TI_auto_init_nobinit_nopinit
000055cd  sprintf                       
0000560d  vsnprintf                     
0000568d  calloc                        
000056c5  __aeabi_f2d                   
000056fd  IntRegister                   
00005731  _c_int00_noargs               
00005795  __aeabi_i2d                   
000057ed  __TI_zero_init_nomemset       
00005825  memccpy                       
00005841  copysign                      
00005841  copysignl                     
0000588b  oi_parseInt                   
000058a3  strcmp                        
000058bb  strchr                        
000058d1  strcpy                        
000058e5  strlen                        
000058f9  wcslen                        
0000590b  IntMasterEnable               
0000591b  lcd_clear                     
0000592b  __TI_decompress_none          
00005939  CPUcpsie                      
00005945  ResetISR                      
0000595d  __aeabi_errno_addr            
00005965  malloc                        
0000596d  _system_pre_init              
00005971  C$$EXIT                       
00005971  abort                         
00005978  _ctypes_                      
00005af4  __TI_Handler_Table_Base       
00005b00  __TI_Handler_Table_Limit      
00005b10  __TI_CINIT_Base               
00005b28  __TI_CINIT_Limit              
20000000  __start___llvm_prf_cnts       
20000000  __stop___llvm_prf_cnts        
20000000  g_pfnRAMVectors               
20000270  __stack                       
20000470  __STACK_TOP                   
20000a70  __STACK_END                   
20000a70  _sys_memory                   
20000ec4  buffer                        
20000f10  a0                            
20000f18  a1                            
20000f20  a2                            
20000f28  _timeout_ticks                
20000f2c  button_event                  
20000f30  button_num                    
20000f34  falling_time                  
20000f38  i                             
20000f3c  rising_time                   
20000f40  sensor_data                   
20000f44  state                         
20000f45  uart_data                     
20000f48  M                             
20000f90  motor_cal_factor_L            
20000f94  motor_cal_factor_R            
20000fb0  small_distance                
20000fb4  small_deg                     
20000fb8  flag                          
20000fbc  total_x_distance              
20000fc0  total_y_distance              
20000fc4  b                             
20000fd0  delta_degrees                 
20000fd4  servo_dir                     
20000fd8  curr_val                      
20000fdc  _lock                         
20000fe0  _unlock                       
20000fec  errno                         
20000ff0  _running                      
ffffffff  __TI_pprof_out_hndl           
ffffffff  __TI_prof_data_size           
ffffffff  __TI_prof_data_start          
ffffffff  __binit__                     
ffffffff  __c_args__                    
ffffffff  binit                         
UNDEFED   __mpu_init                    
UNDEFED   _system_post_cinit            

[191 symbols]
