******************************************************************************
                  TI ARM Linker PC v20.2.7                     
******************************************************************************
>> Linked Tue Nov 12 17:23:36 2024

OUTPUT FILE NAME:   <Final.out>
ENTRY POINT SYMBOL: "_c_int00_noargs"  address: 000057dd


MEMORY CONFIGURATION

         name            origin    length      used     unused   attr    fill
----------------------  --------  ---------  --------  --------  ----  --------
  FLASH                 00000000   00040000  00005bcb  0003a435  R  X
  SRAM                  20000000   00008000  00000feb  00007015  RW X


SEGMENT ALLOCATION MAP

run origin  load origin   length   init length attrs members
----------  ----------- ---------- ----------- ----- -------
00000000    00000000    00005bd0   00005bd0    r-x
  00000000    00000000    0000026c   0000026c    r-- .intvecs
  0000026c    0000026c    000057b4   000057b4    r-x .text
  00005a20    00005a20    0000014b   0000014b    r-- .const
  00005b70    00005b70    00000060   00000060    r-- .cinit
20000000    20000000    00000ff1   00000000    rw-
  20000000    20000000    0000026c   00000000    rw- .vtable
  20000270    20000270    00000800   00000000    rw- .stack
  20000a70    20000a70    00000400   00000000    rw- .sysmem
  20000e70    20000e70    000000d6   00000000    rw- .bss
  20000f48    20000f48    000000a9   00000000    rw- .data


SECTION ALLOCATION MAP

 output                                  attributes/
section   page    origin      length       input sections
--------  ----  ----------  ----------   ----------------
.intvecs   0    00000000    0000026c     
                  00000000    0000026c     tm4c123gh6pm_startup_ccs.obj (.intvecs)

.text      0    0000026c    000057b4     
                  0000026c    00000dd4     main.obj (.text)
                  00001040    00000c20     open_interface.obj (.text)
                  00001c60    00000a4e     rtsv7M4_T_le_v4SPD16_eabi.lib : _printfi.c.obj (.text:__TI_printfi)
                  000026ae    00000002                                   : _lock.c.obj (.text:_nop)
                  000026b0    000009d0                                   : e_pow.c.obj (.text:pow)
                  00003080    00000328     lcd.obj (.text)
                  000033a8    000002b0     movement.obj (.text)
                  00003658    00000270     rtsv7M4_T_le_v4SPD16_eabi.lib : _printfi.c.obj (.text:_pconv_a)
                  000038c8    0000024c     servo.obj (.text)
                  00003b14    00000248     Timer.obj (.text)
                  00003d5c    00000238     ping.obj (.text)
                  00003f94    00000228     uart.obj (.text)
                  000041bc    000001d0     rtsv7M4_T_le_v4SPD16_eabi.lib : _printfi.c.obj (.text:_pconv_g)
                  0000438c    000001b6                                   : fd_add_t2.asm.obj (.text)
                  00004542    00000002                                   : div0.asm.obj (.text)
                  00004544    00000158                                   : e_sqrt.c.obj (.text:sqrt)
                  0000469c    0000013c                                   : _printfi.c.obj (.text:_pconv_e)
                  000047d8    00000136                                   : fd_div_t2.asm.obj (.text)
                  0000490e    00000002     --HOLE-- [fill = 0]
                  00004910    00000124                                   : _printfi.c.obj (.text:fcvt)
                  00004a34    00000110                                   : s_scalbn.c.obj (.text:scalbn)
                  00004b44    00000100                                   : memory.c.obj (.text:aligned_alloc)
                  00004c44    000000fc     adc.obj (.text)
                  00004d40    000000fc     rtsv7M4_T_le_v4SPD16_eabi.lib : fd_mul_t2.asm.obj (.text)
                  00004e3c    000000e4                                   : memory.c.obj (.text:free)
                  00004f20    000000b1                                   : _printfi.c.obj (.text:_ltostr)
                  00004fd1    00000001     --HOLE-- [fill = 0]
                  00004fd2    0000009c                                   : memcpy_t2.asm.obj (.text)
                  0000506e    00000096                                   : ull_div_t2.asm.obj (.text)
                  00005104    00000086                                   : fd_cmp_t2.asm.obj (.text:__aeabi_cdcmple)
                  0000518a    00000086                                   : fd_cmp_t2.asm.obj (.text:__aeabi_cdrcmple)
                  00005210    0000007a                                   : memset_t2.asm.obj (.text)
                  0000528a    00000002     --HOLE-- [fill = 0]
                  0000528c    00000070                                   : memory.c.obj (.text:split)
                  000052fc    0000006e                                   : _printfi.c.obj (.text:_mcpy)
                  0000536a    0000006e                                   : fd_tos_t2.asm.obj (.text)
                  000053d8    00000068                                   : copy_decompress_lzss.c.obj (.text:decompress:lzss:__TI_decompress_lzss)
                  00005440    00000064                                   : s_frexp.c.obj (.text:frexp)
                  000054a4    00000056                                   : _printfi.c.obj (.text:_pconv_f)
                  000054fa    00000054                                   : _ltoa.c.obj (.text:__TI_ltoa)
                  0000554e    00000052                                   : _printfi.c.obj (.text:_ecpy)
                  000055a0    0000004c                                   : atoi.c.obj (.text:atoi)
                  000055ec    00000048                                   : fd_toi_t2.asm.obj (.text)
                  00005634    00000044                                   : autoinit.c.obj (.text:__TI_auto_init_nobinit_nopinit:__TI_auto_init_nobinit_nopinit)
                  00005678    00000040                                   : sprintf.c.obj (.text:sprintf)
                  000056b8    00000040                                   : vsnprintf.c.obj (.text:vsnprintf)
                  000056f8    0000003e                                   : _printfi.c.obj (.text:_fcpy)
                  00005736    00000002     --HOLE-- [fill = 0]
                  00005738    00000038                                   : memory.c.obj (.text:calloc)
                  00005770    00000038                                   : fs_tod_t2.asm.obj (.text)
                  000057a8    00000034     driverlib.lib : interrupt.obj (.text:IntRegister)
                  000057dc    00000034     rtsv7M4_T_le_v4SPD16_eabi.lib : boot_cortex_m.c.obj (.text:_c_int00_noargs:_c_int00_noargs)
                  00005810    00000030                                   : vsnprintf.c.obj (.text:_outs)
                  00005840    0000002e                                   : i_tofd_t2.asm.obj (.text)
                  0000586e    00000002     --HOLE-- [fill = 0]
                  00005870    00000028                                   : memory.c.obj (.text:free_list_insert)
                  00005898    0000001c                                   : copy_zero_init.c.obj (.text:decompress:ZI:__TI_zero_init_nomemset:__TI_zero_init_nomemset)
                  000058b4    0000001c                                   : memory.c.obj (.text:free_list_remove)
                  000058d0    0000001c                                   : memccpy.c.obj (.text:memccpy)
                  000058ec    0000001a                                   : s_copysign.c.obj (.text:copysign)
                  00005906    00000018                                   : vsnprintf.c.obj (.text:_outc)
                  0000591e    00000018                                   : sprintf.c.obj (.text:_outs)
                  00005936    00000018     open_interface.obj (.text:oi_parseInt)
                  0000594e    00000018     rtsv7M4_T_le_v4SPD16_eabi.lib : strcmp.c.obj (.text:strcmp)
                  00005966    00000016                                   : strchr.c.obj (.text:strchr)
                  0000597c    00000014                                   : strcpy.c.obj (.text:strcpy)
                  00005990    00000014                                   : strlen.c.obj (.text:strlen)
                  000059a4    00000012                                   : wcslen.c.obj (.text:wcslen)
                  000059b6    00000010     driverlib.lib : interrupt.obj (.text:IntMasterEnable)
                  000059c6    00000010     lcd.obj (.text:lcd_clear)
                  000059d6    0000000e     rtsv7M4_T_le_v4SPD16_eabi.lib : copy_decompress_none.c.obj (.text:decompress:none:__TI_decompress_none)
                  000059e4    0000000c     driverlib.lib : cpu.obj (.text:CPUcpsie)
                  000059f0    0000000c     tm4c123gh6pm_startup_ccs.obj (.text)
                  000059fc    0000000a     rtsv7M4_T_le_v4SPD16_eabi.lib : sprintf.c.obj (.text:_outc)
                  00005a06    00000002     --HOLE-- [fill = 0]
                  00005a08    00000008                                   : errno.c.obj (.text:__aeabi_errno_addr)
                  00005a10    00000008                                   : memory.c.obj (.text:malloc)
                  00005a18    00000004                                   : pre_init.c.obj (.text:_system_pre_init)
                  00005a1c    00000004                                   : exit.c.obj (.text:abort:abort)

.const     0    00005a20    0000014b     
                  00005a20    00000101     rtsv7M4_T_le_v4SPD16_eabi.lib : ctype.c.obj (.const:.string:_ctypes_)
                  00005b21    00000004     lcd.obj (.const:.string:lineAddress$1)
                  00005b25    00000003     --HOLE-- [fill = 0]
                  00005b28    00000030     rtsv7M4_T_le_v4SPD16_eabi.lib : e_pow.c.obj (.const:$O1$$)
                  00005b58    0000000f     open_interface.obj (.const:.string:$P$T0$3)
                  00005b67    00000004     lcd.obj (.const:.string:lineAddresses$2)

.cinit     0    00005b70    00000060     
                  00005b70    0000002b     (.cinit..data.load) [load image, compression = lzss]
                  00005b9b    00000001     --HOLE-- [fill = 0]
                  00005b9c    0000000c     (__TI_handler_table)
                  00005ba8    00000008     (.cinit..bss.load) [load image, compression = zero_init]
                  00005bb0    00000008     (.cinit..vtable.load) [load image, compression = zero_init]
                  00005bb8    00000018     (__TI_cinit_table)

.init_array 
*          0    00000000    00000000     UNINITIALIZED

.vtable    0    20000000    0000026c     UNINITIALIZED
                  20000000    0000026c     driverlib.lib : interrupt.obj (.vtable)

.stack     0    20000270    00000800     UNINITIALIZED
                  20000270    00000004     rtsv7M4_T_le_v4SPD16_eabi.lib : boot_cortex_m.c.obj (.stack)
                  20000274    000007fc     --HOLE--

.sysmem    0    20000a70    00000400     UNINITIALIZED
                  20000a70    00000010     rtsv7M4_T_le_v4SPD16_eabi.lib : memory.c.obj (.sysmem)
                  20000a80    000003f0     --HOLE--

.bss       0    20000e70    000000d6     UNINITIALIZED
                  20000e70    00000054     lcd.obj (.bss:lastbuffer$3)
                  20000ec4    00000034     (.common:buffer)
                  20000ef8    00000018     open_interface.obj (.bss:firmware$2)
                  20000f10    00000008     (.common:a0)
                  20000f18    00000008     (.common:a1)
                  20000f20    00000008     (.common:a2)
                  20000f28    00000004     (.common:_timeout_ticks)
                  20000f2c    00000004     (.common:button_event)
                  20000f30    00000004     (.common:button_num)
                  20000f34    00000004     (.common:falling_time)
                  20000f38    00000004     (.common:i)
                  20000f3c    00000004     (.common:rising_time)
                  20000f40    00000004     (.common:sensor_data)
                  20000f44    00000001     (.common:state)
                  20000f45    00000001     (.common:uart_data)

.data      0    20000f48    000000a9     UNINITIALIZED
                  20000f48    00000048     main.obj (.data:M)
                  20000f90    00000020     open_interface.obj (.data)
                  20000fb0    00000014     main.obj (.data)
                  20000fc4    0000000c     main.obj (.data:b)
                  20000fd0    0000000c     servo.obj (.data)
                  20000fdc    00000008     rtsv7M4_T_le_v4SPD16_eabi.lib : _lock.c.obj (.data:$O1$$)
                  20000fe4    00000008                                   : memory.c.obj (.data:$O1$$)
                  20000fec    00000004                                   : errno.c.obj (.data)
                  20000ff0    00000001     Timer.obj (.data)

__llvm_prf_cnts 
*          0    20000000    00000000     UNINITIALIZED

MODULE SUMMARY

       Module                         code    ro data   rw data
       ------                         ----    -------   -------
    .\
       main.obj                       3540    0         198    
       open_interface.obj             3128    15        56     
       lcd.obj                        824     8         84     
       movement.obj                   688     0         0      
       tm4c123gh6pm_startup_ccs.obj   12      620       0      
       servo.obj                      588     0         12     
       Timer.obj                      584     0         5      
       ping.obj                       568     0         0      
       uart.obj                       552     0         0      
       adc.obj                        252     0         0      
       button.obj                     0       0         8      
    +--+------------------------------+-------+---------+---------+
       Total:                         10736   643       363    
                                                               
    C:/ti/TivaWare_C_Series-2.2.0.295/driverlib/ccs/Debug/driverlib.lib
       interrupt.obj                  68      0         620    
       cpu.obj                        12      0         0      
    +--+------------------------------+-------+---------+---------+
       Total:                         80      0         620    
                                                               
    C:\ti\ccs1281\ccs\tools\compiler\ti-cgt-arm_20.2.7.LTS\lib\rtsv7M4_T_le_v4SPD16_eabi.lib
       _printfi.c.obj                 4851    0         0      
       e_pow.c.obj                    2512    48        0      
       memory.c.obj                   728     0         8      
       fd_add_t2.asm.obj              438     0         0      
       e_sqrt.c.obj                   344     0         0      
       fd_div_t2.asm.obj              310     0         0      
       s_scalbn.c.obj                 272     0         0      
       fd_cmp_t2.asm.obj              268     0         0      
       ctype.c.obj                    0       257       0      
       fd_mul_t2.asm.obj              252     0         0      
       memcpy_t2.asm.obj              156     0         0      
       ull_div_t2.asm.obj             150     0         0      
       vsnprintf.c.obj                136     0         0      
       memset_t2.asm.obj              122     0         0      
       fd_tos_t2.asm.obj              110     0         0      
       copy_decompress_lzss.c.obj     104     0         0      
       s_frexp.c.obj                  100     0         0      
       sprintf.c.obj                  98      0         0      
       _ltoa.c.obj                    84      0         0      
       atoi.c.obj                     76      0         0      
       fd_toi_t2.asm.obj              72      0         0      
       autoinit.c.obj                 68      0         0      
       fs_tod_t2.asm.obj              56      0         0      
       boot_cortex_m.c.obj            52      0         0      
       i_tofd_t2.asm.obj              46      0         0      
       copy_zero_init.c.obj           28      0         0      
       memccpy.c.obj                  28      0         0      
       s_copysign.c.obj               26      0         0      
       strcmp.c.obj                   24      0         0      
       strchr.c.obj                   22      0         0      
       strcpy.c.obj                   20      0         0      
       strlen.c.obj                   20      0         0      
       wcslen.c.obj                   18      0         0      
       copy_decompress_none.c.obj     14      0         0      
       errno.c.obj                    8       0         4      
       _lock.c.obj                    2       0         8      
       exit.c.obj                     4       0         0      
       pre_init.c.obj                 4       0         0      
       div0.asm.obj                   2       0         0      
    +--+------------------------------+-------+---------+---------+
       Total:                         11625   305       20     
                                                               
       Heap:                          0       0         1024   
       Stack:                         0       0         2048   
       Linker Generated:              0       95        0      
    +--+------------------------------+-------+---------+---------+
       Grand Total:                   22441   1043      4075   


LINKER GENERATED COPY TABLES

__TI_cinit_table @ 00005bb8 records: 3, size/record: 8, table size: 24
	.data: load addr=00005b70, load size=0000002b bytes, run addr=20000f48, run size=000000a9 bytes, compression=lzss
	.bss: load addr=00005ba8, load size=00000008 bytes, run addr=20000e70, run size=000000d6 bytes, compression=zero_init
	.vtable: load addr=00005bb0, load size=00000008 bytes, run addr=20000000, run size=0000026c bytes, compression=zero_init


LINKER GENERATED HANDLER TABLE

__TI_handler_table @ 00005b9c records: 3, size/record: 4, table size: 12
	index: 0, handler: __TI_zero_init
	index: 1, handler: __TI_decompress_lzss
	index: 2, handler: __TI_decompress_none


GLOBAL SYMBOLS: SORTED ALPHABETICALLY BY Name 

address   name                          
-------   ----                          
00005a1d  C$$EXIT                       
000059e5  CPUcpsie                      
00001997  GPIOF_Handler                 
000059b7  IntMasterEnable               
000057a9  IntRegister                   
20000f48  M                             
00000f69  M_i                           
000059f1  ResetISR                      
20000a70  __STACK_END                   
00000800  __STACK_SIZE                  
20000470  __STACK_TOP                   
00000400  __SYSMEM_SIZE                 
00005bb8  __TI_CINIT_Base               
00005bd0  __TI_CINIT_Limit              
00005b9c  __TI_Handler_Table_Base       
00005ba8  __TI_Handler_Table_Limit      
00005635  __TI_auto_init_nobinit_nopinit
000053d9  __TI_decompress_lzss          
000059d7  __TI_decompress_none          
000054fb  __TI_ltoa                     
ffffffff  __TI_pprof_out_hndl           
00001c61  __TI_printfi                  
ffffffff  __TI_prof_data_size           
ffffffff  __TI_prof_data_start          
00000000  __TI_static_base__            
00005899  __TI_zero_init_nomemset       
00005105  __aeabi_cdcmpeq               
00005105  __aeabi_cdcmple               
0000518b  __aeabi_cdrcmple              
0000536b  __aeabi_d2f                   
000055ed  __aeabi_d2iz                  
00004397  __aeabi_dadd                  
000047d9  __aeabi_ddiv                  
00004d41  __aeabi_dmul                  
0000438d  __aeabi_dsub                  
00005a09  __aeabi_errno_addr            
00005771  __aeabi_f2d                   
00005841  __aeabi_i2d                   
00004543  __aeabi_idiv0                 
00004543  __aeabi_ldiv0                 
00005211  __aeabi_memclr                
00005211  __aeabi_memclr4               
00005211  __aeabi_memclr8               
00004fd3  __aeabi_memcpy                
00004fd3  __aeabi_memcpy4               
00004fd3  __aeabi_memcpy8               
00005213  __aeabi_memset                
00005213  __aeabi_memset4               
00005213  __aeabi_memset8               
0000506f  __aeabi_uldivmod              
ffffffff  __binit__                     
ffffffff  __c_args__                    
UNDEFED   __mpu_init                    
20000270  __stack                       
20000000  __start___llvm_prf_cnts       
20000000  __stop___llvm_prf_cnts        
000057dd  _c_int00_noargs               
00005a20  _ctypes_                      
20000fdc  _lock                         
000026af  _nop                          
20000ff0  _running                      
20000a70  _sys_memory                   
UNDEFED   _system_post_cinit            
00005a19  _system_pre_init              
20000f28  _timeout_ticks                
20000fe0  _unlock                       
20000f10  a0                            
20000f18  a1                            
20000f20  a2                            
00005a1d  abort                         
00004c45  adc_init                      
00004ccb  adc_read                      
00004b45  aligned_alloc                 
000055a1  atoi                          
00000989  auto_move                     
20000fc4  b                             
ffffffff  binit                         
20000ec4  buffer                        
20000f2c  button_event                  
20000f30  button_num                    
00000ad9  calibrate                     
00005739  calloc                        
000058ed  copysign                      
000058ed  copysignl                     
20000fd8  curr_val                      
20000fd0  delta_degrees                 
00000e71  det                           
20000fec  errno                         
20000f34  falling_time                  
20000fb8  flag                          
00004e3d  free                          
00005441  frexp                         
00005441  frexpl                        
20000000  g_pfnRAMVectors               
00000000  g_pfnVectors                  
000035db  go_around_left                
00003611  go_around_right               
00001753  go_charge                     
20000f38  i                             
00000fc1  initialize                    
000059c7  lcd_clear                     
00003255  lcd_gotoLine                  
000030bd  lcd_init                      
000032bb  lcd_printf                    
0000317d  lcd_putc                      
000031b5  lcd_puts                      
00003081  lcd_reverseNibble             
000031d3  lcd_sendCommand               
00003211  lcd_sendNibble                
0000327d  lcd_setCursorPos              
00004a35  ldexp                         
00004a35  ldexpl                        
0000026d  main                          
00005a11  malloc                        
00004b45  memalign                      
000058d1  memccpy                       
00004fd3  memcpy                        
00005219  memset                        
20000f90  motor_cal_factor_L            
20000f94  motor_cal_factor_R            
00003483  move_backward                 
000033a9  move_foward                   
00001041  oi_alloc                      
0000187d  oi_checkFirmware              
0000109b  oi_close                      
0000104d  oi_free                       
00001bc1  oi_getMotorCalibrationLeft    
00001bd5  oi_getMotorCalibrationRight   
00001085  oi_init                       
0000105d  oi_init_noupdate              
000016e9  oi_loadSong                   
00005937  oi_parseInt                   
000010ff  oi_parsePacket                
0000173f  oi_play_song                  
0000161f  oi_setLeds                    
00001b85  oi_setMotorCalibration        
00001663  oi_setWheels                  
00001925  oi_shutoff_init               
00001761  oi_uartInit                   
00001805  oi_uartReceive                
0000184b  oi_uartSendBuff               
000017e9  oi_uartSendChar               
0000182d  oi_uartSendStr                
000010ad  oi_update                     
00003d5d  ping_initi                    
00003edf  ping_interrupt_handler        
00003eb5  ping_interrupt_init           
00003dd5  ping_read                     
000026b1  pow                           
000026b1  powl                          
20000f3c  rising_time                   
00004a35  scalbn                        
00004a35  scalbnl                       
00000321  scan                          
00003e51  send_pulse                    
20000f40  sensor_data                   
000039e5  servo_cal                     
20000fd4  servo_dir                     
000038c9  servo_init                    
00003945  servo_move                    
20000fb4  small_deg                     
20000fb0  small_distance                
000040f1  socket_echo                   
000040db  socket_response               
00005679  sprintf                       
00004545  sqrt                          
00004545  sqrtl                         
20000f44  state                         
00005967  strchr                        
0000594f  strcmp                        
0000597d  strcpy                        
00005991  strlen                        
00003c33  timer_getMicros               
00003bdb  timer_getMillis               
00003b15  timer_init                    
00003bb7  timer_pause                   
00003bc9  timer_resume                  
00003b8d  timer_stop                    
00003c8d  timer_waitMicros              
00003cbf  timer_waitMillis              
20000fbc  total_x_distance              
20000fc0  total_y_distance              
00003577  turn_cclockwise               
00003503  turn_clockwise                
20000f45  uart_data                     
00003f95  uart_init                     
000040b5  uart_interrupt_handler        
0000408b  uart_interrupt_init           
0000403b  uart_receive                  
0000401f  uart_sendChar                 
0000406f  uart_sendStr                  
000056b9  vsnprintf                     
000059a5  wcslen                        


GLOBAL SYMBOLS: SORTED BY Symbol Address 

address   name                          
-------   ----                          
00000000  __TI_static_base__            
00000000  g_pfnVectors                  
0000026d  main                          
00000321  scan                          
00000400  __SYSMEM_SIZE                 
00000800  __STACK_SIZE                  
00000989  auto_move                     
00000ad9  calibrate                     
00000e71  det                           
00000f69  M_i                           
00000fc1  initialize                    
00001041  oi_alloc                      
0000104d  oi_free                       
0000105d  oi_init_noupdate              
00001085  oi_init                       
0000109b  oi_close                      
000010ad  oi_update                     
000010ff  oi_parsePacket                
0000161f  oi_setLeds                    
00001663  oi_setWheels                  
000016e9  oi_loadSong                   
0000173f  oi_play_song                  
00001753  go_charge                     
00001761  oi_uartInit                   
000017e9  oi_uartSendChar               
00001805  oi_uartReceive                
0000182d  oi_uartSendStr                
0000184b  oi_uartSendBuff               
0000187d  oi_checkFirmware              
00001925  oi_shutoff_init               
00001997  GPIOF_Handler                 
00001b85  oi_setMotorCalibration        
00001bc1  oi_getMotorCalibrationLeft    
00001bd5  oi_getMotorCalibrationRight   
00001c61  __TI_printfi                  
000026af  _nop                          
000026b1  pow                           
000026b1  powl                          
00003081  lcd_reverseNibble             
000030bd  lcd_init                      
0000317d  lcd_putc                      
000031b5  lcd_puts                      
000031d3  lcd_sendCommand               
00003211  lcd_sendNibble                
00003255  lcd_gotoLine                  
0000327d  lcd_setCursorPos              
000032bb  lcd_printf                    
000033a9  move_foward                   
00003483  move_backward                 
00003503  turn_clockwise                
00003577  turn_cclockwise               
000035db  go_around_left                
00003611  go_around_right               
000038c9  servo_init                    
00003945  servo_move                    
000039e5  servo_cal                     
00003b15  timer_init                    
00003b8d  timer_stop                    
00003bb7  timer_pause                   
00003bc9  timer_resume                  
00003bdb  timer_getMillis               
00003c33  timer_getMicros               
00003c8d  timer_waitMicros              
00003cbf  timer_waitMillis              
00003d5d  ping_initi                    
00003dd5  ping_read                     
00003e51  send_pulse                    
00003eb5  ping_interrupt_init           
00003edf  ping_interrupt_handler        
00003f95  uart_init                     
0000401f  uart_sendChar                 
0000403b  uart_receive                  
0000406f  uart_sendStr                  
0000408b  uart_interrupt_init           
000040b5  uart_interrupt_handler        
000040db  socket_response               
000040f1  socket_echo                   
0000438d  __aeabi_dsub                  
00004397  __aeabi_dadd                  
00004543  __aeabi_idiv0                 
00004543  __aeabi_ldiv0                 
00004545  sqrt                          
00004545  sqrtl                         
000047d9  __aeabi_ddiv                  
00004a35  ldexp                         
00004a35  ldexpl                        
00004a35  scalbn                        
00004a35  scalbnl                       
00004b45  aligned_alloc                 
00004b45  memalign                      
00004c45  adc_init                      
00004ccb  adc_read                      
00004d41  __aeabi_dmul                  
00004e3d  free                          
00004fd3  __aeabi_memcpy                
00004fd3  __aeabi_memcpy4               
00004fd3  __aeabi_memcpy8               
00004fd3  memcpy                        
0000506f  __aeabi_uldivmod              
00005105  __aeabi_cdcmpeq               
00005105  __aeabi_cdcmple               
0000518b  __aeabi_cdrcmple              
00005211  __aeabi_memclr                
00005211  __aeabi_memclr4               
00005211  __aeabi_memclr8               
00005213  __aeabi_memset                
00005213  __aeabi_memset4               
00005213  __aeabi_memset8               
00005219  memset                        
0000536b  __aeabi_d2f                   
000053d9  __TI_decompress_lzss          
00005441  frexp                         
00005441  frexpl                        
000054fb  __TI_ltoa                     
000055a1  atoi                          
000055ed  __aeabi_d2iz                  
00005635  __TI_auto_init_nobinit_nopinit
00005679  sprintf                       
000056b9  vsnprintf                     
00005739  calloc                        
00005771  __aeabi_f2d                   
000057a9  IntRegister                   
000057dd  _c_int00_noargs               
00005841  __aeabi_i2d                   
00005899  __TI_zero_init_nomemset       
000058d1  memccpy                       
000058ed  copysign                      
000058ed  copysignl                     
00005937  oi_parseInt                   
0000594f  strcmp                        
00005967  strchr                        
0000597d  strcpy                        
00005991  strlen                        
000059a5  wcslen                        
000059b7  IntMasterEnable               
000059c7  lcd_clear                     
000059d7  __TI_decompress_none          
000059e5  CPUcpsie                      
000059f1  ResetISR                      
00005a09  __aeabi_errno_addr            
00005a11  malloc                        
00005a19  _system_pre_init              
00005a1d  C$$EXIT                       
00005a1d  abort                         
00005a20  _ctypes_                      
00005b9c  __TI_Handler_Table_Base       
00005ba8  __TI_Handler_Table_Limit      
00005bb8  __TI_CINIT_Base               
00005bd0  __TI_CINIT_Limit              
20000000  __start___llvm_prf_cnts       
20000000  __stop___llvm_prf_cnts        
20000000  g_pfnRAMVectors               
20000270  __stack                       
20000470  __STACK_TOP                   
20000a70  __STACK_END                   
20000a70  _sys_memory                   
20000ec4  buffer                        
20000f10  a0                            
20000f18  a1                            
20000f20  a2                            
20000f28  _timeout_ticks                
20000f2c  button_event                  
20000f30  button_num                    
20000f34  falling_time                  
20000f38  i                             
20000f3c  rising_time                   
20000f40  sensor_data                   
20000f44  state                         
20000f45  uart_data                     
20000f48  M                             
20000f90  motor_cal_factor_L            
20000f94  motor_cal_factor_R            
20000fb0  small_distance                
20000fb4  small_deg                     
20000fb8  flag                          
20000fbc  total_x_distance              
20000fc0  total_y_distance              
20000fc4  b                             
20000fd0  delta_degrees                 
20000fd4  servo_dir                     
20000fd8  curr_val                      
20000fdc  _lock                         
20000fe0  _unlock                       
20000fec  errno                         
20000ff0  _running                      
ffffffff  __TI_pprof_out_hndl           
ffffffff  __TI_prof_data_size           
ffffffff  __TI_prof_data_start          
ffffffff  __binit__                     
ffffffff  __c_args__                    
ffffffff  binit                         
UNDEFED   __mpu_init                    
UNDEFED   _system_post_cinit            

[193 symbols]
