<?xml version="1.0" encoding="ISO-8859-1" ?>
<link_info>
   <banner>TI ARM Linker PC v20.2.7.LTS</banner>
   <copyright>Copyright (c) 1996-2018 Texas Instruments Incorporated</copyright>
   <link_time>0x6733b9ae</link_time>
   <link_errors>0x0</link_errors>
   <output_file>Final.out</output_file>
   <entry_point>
      <name>_c_int00_noargs</name>
      <address>0x5731</address>
   </entry_point>
   <input_file_list>
      <input_file id="fl-2">
         <path>.\</path>
         <kind>object</kind>
         <file>Timer.obj</file>
         <name>Timer.obj</name>
      </input_file>
      <input_file id="fl-3">
         <path>.\</path>
         <kind>object</kind>
         <file>adc.obj</file>
         <name>adc.obj</name>
      </input_file>
      <input_file id="fl-4">
         <path>.\</path>
         <kind>object</kind>
         <file>button.obj</file>
         <name>button.obj</name>
      </input_file>
      <input_file id="fl-5">
         <path>.\</path>
         <kind>object</kind>
         <file>lcd.obj</file>
         <name>lcd.obj</name>
      </input_file>
      <input_file id="fl-6">
         <path>.\</path>
         <kind>object</kind>
         <file>main.obj</file>
         <name>main.obj</name>
      </input_file>
      <input_file id="fl-7">
         <path>.\</path>
         <kind>object</kind>
         <file>movement.obj</file>
         <name>movement.obj</name>
      </input_file>
      <input_file id="fl-8">
         <path>.\</path>
         <kind>object</kind>
         <file>open_interface.obj</file>
         <name>open_interface.obj</name>
      </input_file>
      <input_file id="fl-9">
         <path>.\</path>
         <kind>object</kind>
         <file>optical.obj</file>
         <name>optical.obj</name>
      </input_file>
      <input_file id="fl-a">
         <path>.\</path>
         <kind>object</kind>
         <file>ping.obj</file>
         <name>ping.obj</name>
      </input_file>
      <input_file id="fl-b">
         <path>.\</path>
         <kind>object</kind>
         <file>servo.obj</file>
         <name>servo.obj</name>
      </input_file>
      <input_file id="fl-c">
         <path>.\</path>
         <kind>object</kind>
         <file>tm4c123gh6pm_startup_ccs.obj</file>
         <name>tm4c123gh6pm_startup_ccs.obj</name>
      </input_file>
      <input_file id="fl-d">
         <path>.\</path>
         <kind>object</kind>
         <file>uart.obj</file>
         <name>uart.obj</name>
      </input_file>
      <input_file id="fl-12">
         <kind>object</kind>
         <file>&lt;internal&gt;</file>
         <name>&lt;internal&gt;</name>
      </input_file>
      <input_file id="fl-c8">
         <path>C:\ti\ccs1281\ccs\tools\compiler\ti-cgt-arm_20.2.7.LTS\lib\</path>
         <kind>archive</kind>
         <file>rtsv7M4_T_le_v4SPD16_eabi.lib</file>
         <name>e_pow.c.obj</name>
      </input_file>
      <input_file id="fl-c9">
         <path>C:\ti\ccs1281\ccs\tools\compiler\ti-cgt-arm_20.2.7.LTS\lib\</path>
         <kind>archive</kind>
         <file>rtsv7M4_T_le_v4SPD16_eabi.lib</file>
         <name>e_sqrt.c.obj</name>
      </input_file>
      <input_file id="fl-ca">
         <path>C:\ti\ccs1281\ccs\tools\compiler\ti-cgt-arm_20.2.7.LTS\lib\</path>
         <kind>archive</kind>
         <file>rtsv7M4_T_le_v4SPD16_eabi.lib</file>
         <name>s_scalbn.c.obj</name>
      </input_file>
      <input_file id="fl-cb">
         <path>C:\ti\ccs1281\ccs\tools\compiler\ti-cgt-arm_20.2.7.LTS\lib\</path>
         <kind>archive</kind>
         <file>rtsv7M4_T_le_v4SPD16_eabi.lib</file>
         <name>sprintf.c.obj</name>
      </input_file>
      <input_file id="fl-cc">
         <path>C:\ti\ccs1281\ccs\tools\compiler\ti-cgt-arm_20.2.7.LTS\lib\</path>
         <kind>archive</kind>
         <file>rtsv7M4_T_le_v4SPD16_eabi.lib</file>
         <name>vsnprintf.c.obj</name>
      </input_file>
      <input_file id="fl-cd">
         <path>C:\ti\ccs1281\ccs\tools\compiler\ti-cgt-arm_20.2.7.LTS\lib\</path>
         <kind>archive</kind>
         <file>rtsv7M4_T_le_v4SPD16_eabi.lib</file>
         <name>fd_add_t2.asm.obj</name>
      </input_file>
      <input_file id="fl-ce">
         <path>C:\ti\ccs1281\ccs\tools\compiler\ti-cgt-arm_20.2.7.LTS\lib\</path>
         <kind>archive</kind>
         <file>rtsv7M4_T_le_v4SPD16_eabi.lib</file>
         <name>fd_cmp_t2.asm.obj</name>
      </input_file>
      <input_file id="fl-cf">
         <path>C:\ti\ccs1281\ccs\tools\compiler\ti-cgt-arm_20.2.7.LTS\lib\</path>
         <kind>archive</kind>
         <file>rtsv7M4_T_le_v4SPD16_eabi.lib</file>
         <name>fd_div_t2.asm.obj</name>
      </input_file>
      <input_file id="fl-d0">
         <path>C:\ti\ccs1281\ccs\tools\compiler\ti-cgt-arm_20.2.7.LTS\lib\</path>
         <kind>archive</kind>
         <file>rtsv7M4_T_le_v4SPD16_eabi.lib</file>
         <name>fd_mul_t2.asm.obj</name>
      </input_file>
      <input_file id="fl-d1">
         <path>C:\ti\ccs1281\ccs\tools\compiler\ti-cgt-arm_20.2.7.LTS\lib\</path>
         <kind>archive</kind>
         <file>rtsv7M4_T_le_v4SPD16_eabi.lib</file>
         <name>fd_toi_t2.asm.obj</name>
      </input_file>
      <input_file id="fl-d2">
         <path>C:\ti\ccs1281\ccs\tools\compiler\ti-cgt-arm_20.2.7.LTS\lib\</path>
         <kind>archive</kind>
         <file>rtsv7M4_T_le_v4SPD16_eabi.lib</file>
         <name>fd_tos_t2.asm.obj</name>
      </input_file>
      <input_file id="fl-d3">
         <path>C:\ti\ccs1281\ccs\tools\compiler\ti-cgt-arm_20.2.7.LTS\lib\</path>
         <kind>archive</kind>
         <file>rtsv7M4_T_le_v4SPD16_eabi.lib</file>
         <name>fs_tod_t2.asm.obj</name>
      </input_file>
      <input_file id="fl-d4">
         <path>C:\ti\ccs1281\ccs\tools\compiler\ti-cgt-arm_20.2.7.LTS\lib\</path>
         <kind>archive</kind>
         <file>rtsv7M4_T_le_v4SPD16_eabi.lib</file>
         <name>i_tofd_t2.asm.obj</name>
      </input_file>
      <input_file id="fl-d5">
         <path>C:\ti\ccs1281\ccs\tools\compiler\ti-cgt-arm_20.2.7.LTS\lib\</path>
         <kind>archive</kind>
         <file>rtsv7M4_T_le_v4SPD16_eabi.lib</file>
         <name>memcpy_t2.asm.obj</name>
      </input_file>
      <input_file id="fl-d6">
         <path>C:\ti\ccs1281\ccs\tools\compiler\ti-cgt-arm_20.2.7.LTS\lib\</path>
         <kind>archive</kind>
         <file>rtsv7M4_T_le_v4SPD16_eabi.lib</file>
         <name>copy_zero_init.c.obj</name>
      </input_file>
      <input_file id="fl-d7">
         <path>C:\ti\ccs1281\ccs\tools\compiler\ti-cgt-arm_20.2.7.LTS\lib\</path>
         <kind>archive</kind>
         <file>rtsv7M4_T_le_v4SPD16_eabi.lib</file>
         <name>copy_decompress_none.c.obj</name>
      </input_file>
      <input_file id="fl-d8">
         <path>C:\ti\ccs1281\ccs\tools\compiler\ti-cgt-arm_20.2.7.LTS\lib\</path>
         <kind>archive</kind>
         <file>rtsv7M4_T_le_v4SPD16_eabi.lib</file>
         <name>copy_decompress_lzss.c.obj</name>
      </input_file>
      <input_file id="fl-d9">
         <path>C:\ti\ccs1281\ccs\tools\compiler\ti-cgt-arm_20.2.7.LTS\lib\</path>
         <kind>archive</kind>
         <file>rtsv7M4_T_le_v4SPD16_eabi.lib</file>
         <name>memory.c.obj</name>
      </input_file>
      <input_file id="fl-da">
         <path>C:\ti\ccs1281\ccs\tools\compiler\ti-cgt-arm_20.2.7.LTS\lib\</path>
         <kind>archive</kind>
         <file>rtsv7M4_T_le_v4SPD16_eabi.lib</file>
         <name>strcmp.c.obj</name>
      </input_file>
      <input_file id="fl-db">
         <path>C:\ti\ccs1281\ccs\tools\compiler\ti-cgt-arm_20.2.7.LTS\lib\</path>
         <kind>archive</kind>
         <file>rtsv7M4_T_le_v4SPD16_eabi.lib</file>
         <name>strcpy.c.obj</name>
      </input_file>
      <input_file id="fl-dc">
         <path>C:\ti\ccs1281\ccs\tools\compiler\ti-cgt-arm_20.2.7.LTS\lib\</path>
         <kind>archive</kind>
         <file>rtsv7M4_T_le_v4SPD16_eabi.lib</file>
         <name>boot_cortex_m.c.obj</name>
      </input_file>
      <input_file id="fl-dd">
         <path>C:\ti\ccs1281\ccs\tools\compiler\ti-cgt-arm_20.2.7.LTS\lib\</path>
         <kind>archive</kind>
         <file>rtsv7M4_T_le_v4SPD16_eabi.lib</file>
         <name>errno.c.obj</name>
      </input_file>
      <input_file id="fl-de">
         <path>C:\ti\ccs1281\ccs\tools\compiler\ti-cgt-arm_20.2.7.LTS\lib\</path>
         <kind>archive</kind>
         <file>rtsv7M4_T_le_v4SPD16_eabi.lib</file>
         <name>s_copysign.c.obj</name>
      </input_file>
      <input_file id="fl-df">
         <path>C:\ti\ccs1281\ccs\tools\compiler\ti-cgt-arm_20.2.7.LTS\lib\</path>
         <kind>archive</kind>
         <file>rtsv7M4_T_le_v4SPD16_eabi.lib</file>
         <name>_printfi.c.obj</name>
      </input_file>
      <input_file id="fl-e0">
         <path>C:\ti\ccs1281\ccs\tools\compiler\ti-cgt-arm_20.2.7.LTS\lib\</path>
         <kind>archive</kind>
         <file>rtsv7M4_T_le_v4SPD16_eabi.lib</file>
         <name>memset_t2.asm.obj</name>
      </input_file>
      <input_file id="fl-e1">
         <path>C:\ti\ccs1281\ccs\tools\compiler\ti-cgt-arm_20.2.7.LTS\lib\</path>
         <kind>archive</kind>
         <file>rtsv7M4_T_le_v4SPD16_eabi.lib</file>
         <name>ull_div_t2.asm.obj</name>
      </input_file>
      <input_file id="fl-e2">
         <path>C:\ti\ccs1281\ccs\tools\compiler\ti-cgt-arm_20.2.7.LTS\lib\</path>
         <kind>archive</kind>
         <file>rtsv7M4_T_le_v4SPD16_eabi.lib</file>
         <name>autoinit.c.obj</name>
      </input_file>
      <input_file id="fl-e3">
         <path>C:\ti\ccs1281\ccs\tools\compiler\ti-cgt-arm_20.2.7.LTS\lib\</path>
         <kind>archive</kind>
         <file>rtsv7M4_T_le_v4SPD16_eabi.lib</file>
         <name>pre_init.c.obj</name>
      </input_file>
      <input_file id="fl-e4">
         <path>C:\ti\ccs1281\ccs\tools\compiler\ti-cgt-arm_20.2.7.LTS\lib\</path>
         <kind>archive</kind>
         <file>rtsv7M4_T_le_v4SPD16_eabi.lib</file>
         <name>cpy_tbl.c.obj</name>
      </input_file>
      <input_file id="fl-e5">
         <path>C:\ti\ccs1281\ccs\tools\compiler\ti-cgt-arm_20.2.7.LTS\lib\</path>
         <kind>archive</kind>
         <file>rtsv7M4_T_le_v4SPD16_eabi.lib</file>
         <name>exit.c.obj</name>
      </input_file>
      <input_file id="fl-e6">
         <path>C:\ti\ccs1281\ccs\tools\compiler\ti-cgt-arm_20.2.7.LTS\lib\</path>
         <kind>archive</kind>
         <file>rtsv7M4_T_le_v4SPD16_eabi.lib</file>
         <name>_lock.c.obj</name>
      </input_file>
      <input_file id="fl-e7">
         <path>C:\ti\ccs1281\ccs\tools\compiler\ti-cgt-arm_20.2.7.LTS\lib\</path>
         <kind>archive</kind>
         <file>rtsv7M4_T_le_v4SPD16_eabi.lib</file>
         <name>_ltoa.c.obj</name>
      </input_file>
      <input_file id="fl-e8">
         <path>C:\ti\ccs1281\ccs\tools\compiler\ti-cgt-arm_20.2.7.LTS\lib\</path>
         <kind>archive</kind>
         <file>rtsv7M4_T_le_v4SPD16_eabi.lib</file>
         <name>args_main.c.obj</name>
      </input_file>
      <input_file id="fl-e9">
         <path>C:\ti\ccs1281\ccs\tools\compiler\ti-cgt-arm_20.2.7.LTS\lib\</path>
         <kind>archive</kind>
         <file>rtsv7M4_T_le_v4SPD16_eabi.lib</file>
         <name>atoi.c.obj</name>
      </input_file>
      <input_file id="fl-ea">
         <path>C:\ti\ccs1281\ccs\tools\compiler\ti-cgt-arm_20.2.7.LTS\lib\</path>
         <kind>archive</kind>
         <file>rtsv7M4_T_le_v4SPD16_eabi.lib</file>
         <name>ctype.c.obj</name>
      </input_file>
      <input_file id="fl-eb">
         <path>C:\ti\ccs1281\ccs\tools\compiler\ti-cgt-arm_20.2.7.LTS\lib\</path>
         <kind>archive</kind>
         <file>rtsv7M4_T_le_v4SPD16_eabi.lib</file>
         <name>memccpy.c.obj</name>
      </input_file>
      <input_file id="fl-ec">
         <path>C:\ti\ccs1281\ccs\tools\compiler\ti-cgt-arm_20.2.7.LTS\lib\</path>
         <kind>archive</kind>
         <file>rtsv7M4_T_le_v4SPD16_eabi.lib</file>
         <name>strchr.c.obj</name>
      </input_file>
      <input_file id="fl-ed">
         <path>C:\ti\ccs1281\ccs\tools\compiler\ti-cgt-arm_20.2.7.LTS\lib\</path>
         <kind>archive</kind>
         <file>rtsv7M4_T_le_v4SPD16_eabi.lib</file>
         <name>strlen.c.obj</name>
      </input_file>
      <input_file id="fl-ee">
         <path>C:\ti\ccs1281\ccs\tools\compiler\ti-cgt-arm_20.2.7.LTS\lib\</path>
         <kind>archive</kind>
         <file>rtsv7M4_T_le_v4SPD16_eabi.lib</file>
         <name>wcslen.c.obj</name>
      </input_file>
      <input_file id="fl-ef">
         <path>C:\ti\ccs1281\ccs\tools\compiler\ti-cgt-arm_20.2.7.LTS\lib\</path>
         <kind>archive</kind>
         <file>rtsv7M4_T_le_v4SPD16_eabi.lib</file>
         <name>s_frexp.c.obj</name>
      </input_file>
      <input_file id="fl-f0">
         <path>C:\ti\ccs1281\ccs\tools\compiler\ti-cgt-arm_20.2.7.LTS\lib\</path>
         <kind>archive</kind>
         <file>rtsv7M4_T_le_v4SPD16_eabi.lib</file>
         <name>div0.asm.obj</name>
      </input_file>
      <input_file id="fl-f1">
         <path>C:\ti\TivaWare_C_Series-2.2.0.295\driverlib\ccs\Debug\</path>
         <kind>archive</kind>
         <file>driverlib.lib</file>
         <name>interrupt.obj</name>
      </input_file>
      <input_file id="fl-f2">
         <path>C:\ti\TivaWare_C_Series-2.2.0.295\driverlib\ccs\Debug\</path>
         <kind>archive</kind>
         <file>driverlib.lib</file>
         <name>cpu.obj</name>
      </input_file>
   </input_file_list>
   <object_component_list>
      <object_component id="oc-12">
         <name>.intvecs</name>
         <load_address>0x0</load_address>
         <run_address>0x0</run_address>
         <size>0x26c</size>
         <input_file_ref idref="fl-c"/>
      </object_component>
      <object_component id="oc-a2">
         <name>.text</name>
         <load_address>0x26c</load_address>
         <run_address>0x26c</run_address>
         <size>0xdac</size>
         <input_file_ref idref="fl-6"/>
      </object_component>
      <object_component id="oc-14c">
         <name>.text</name>
         <load_address>0x1018</load_address>
         <run_address>0x1018</run_address>
         <size>0xc20</size>
         <input_file_ref idref="fl-8"/>
      </object_component>
      <object_component id="oc-1f5">
         <name>.text:__TI_printfi</name>
         <load_address>0x1c38</load_address>
         <run_address>0x1c38</run_address>
         <size>0xa4e</size>
         <input_file_ref idref="fl-df"/>
      </object_component>
      <object_component id="oc-338">
         <name>.text:_nop</name>
         <load_address>0x2686</load_address>
         <run_address>0x2686</run_address>
         <size>0x2</size>
         <input_file_ref idref="fl-e6"/>
      </object_component>
      <object_component id="oc-101">
         <name>.text:pow</name>
         <load_address>0x2688</load_address>
         <run_address>0x2688</run_address>
         <size>0x9d0</size>
         <input_file_ref idref="fl-c8"/>
      </object_component>
      <object_component id="oc-146">
         <name>.text</name>
         <load_address>0x3058</load_address>
         <run_address>0x3058</run_address>
         <size>0x328</size>
         <input_file_ref idref="fl-5"/>
      </object_component>
      <object_component id="oc-d7">
         <name>.text</name>
         <load_address>0x3380</load_address>
         <run_address>0x3380</run_address>
         <size>0x2b0</size>
         <input_file_ref idref="fl-7"/>
      </object_component>
      <object_component id="oc-2d4">
         <name>.text:_pconv_a</name>
         <load_address>0x3630</load_address>
         <run_address>0x3630</run_address>
         <size>0x270</size>
         <input_file_ref idref="fl-df"/>
      </object_component>
      <object_component id="oc-ea">
         <name>.text</name>
         <load_address>0x38a0</load_address>
         <run_address>0x38a0</run_address>
         <size>0x24c</size>
         <input_file_ref idref="fl-b"/>
      </object_component>
      <object_component id="oc-f0">
         <name>.text</name>
         <load_address>0x3aec</load_address>
         <run_address>0x3aec</run_address>
         <size>0x248</size>
         <input_file_ref idref="fl-2"/>
      </object_component>
      <object_component id="oc-130">
         <name>.text</name>
         <load_address>0x3d34</load_address>
         <run_address>0x3d34</run_address>
         <size>0x238</size>
         <input_file_ref idref="fl-a"/>
      </object_component>
      <object_component id="oc-2c2">
         <name>.text:_pconv_g</name>
         <load_address>0x3f6c</load_address>
         <run_address>0x3f6c</run_address>
         <size>0x1d0</size>
         <input_file_ref idref="fl-df"/>
      </object_component>
      <object_component id="oc-10c">
         <name>.text</name>
         <load_address>0x413c</load_address>
         <run_address>0x413c</run_address>
         <size>0x1b6</size>
         <input_file_ref idref="fl-cd"/>
      </object_component>
      <object_component id="oc-3ed">
         <name>.text</name>
         <load_address>0x42f2</load_address>
         <run_address>0x42f2</run_address>
         <size>0x2</size>
         <input_file_ref idref="fl-f0"/>
      </object_component>
      <object_component id="oc-e4">
         <name>.text</name>
         <load_address>0x42f4</load_address>
         <run_address>0x42f4</run_address>
         <size>0x1a4</size>
         <input_file_ref idref="fl-d"/>
      </object_component>
      <object_component id="oc-1d4">
         <name>.text:sqrt</name>
         <load_address>0x4498</load_address>
         <run_address>0x4498</run_address>
         <size>0x158</size>
         <input_file_ref idref="fl-c9"/>
      </object_component>
      <object_component id="oc-2ce">
         <name>.text:_pconv_e</name>
         <load_address>0x45f0</load_address>
         <run_address>0x45f0</run_address>
         <size>0x13c</size>
         <input_file_ref idref="fl-df"/>
      </object_component>
      <object_component id="oc-136">
         <name>.text</name>
         <load_address>0x472c</load_address>
         <run_address>0x472c</run_address>
         <size>0x136</size>
         <input_file_ref idref="fl-cf"/>
      </object_component>
      <object_component id="oc-393">
         <name>.text:fcvt</name>
         <load_address>0x4864</load_address>
         <run_address>0x4864</run_address>
         <size>0x124</size>
         <input_file_ref idref="fl-df"/>
      </object_component>
      <object_component id="oc-1e3">
         <name>.text:scalbn</name>
         <load_address>0x4988</load_address>
         <run_address>0x4988</run_address>
         <size>0x110</size>
         <input_file_ref idref="fl-ca"/>
      </object_component>
      <object_component id="oc-3cb">
         <name>.text:aligned_alloc</name>
         <load_address>0x4a98</load_address>
         <run_address>0x4a98</run_address>
         <size>0x100</size>
         <input_file_ref idref="fl-d9"/>
      </object_component>
      <object_component id="oc-f6">
         <name>.text</name>
         <load_address>0x4b98</load_address>
         <run_address>0x4b98</run_address>
         <size>0xfc</size>
         <input_file_ref idref="fl-3"/>
      </object_component>
      <object_component id="oc-107">
         <name>.text</name>
         <load_address>0x4c94</load_address>
         <run_address>0x4c94</run_address>
         <size>0xfc</size>
         <input_file_ref idref="fl-d0"/>
      </object_component>
      <object_component id="oc-240">
         <name>.text:free</name>
         <load_address>0x4d90</load_address>
         <run_address>0x4d90</run_address>
         <size>0xe4</size>
         <input_file_ref idref="fl-d9"/>
      </object_component>
      <object_component id="oc-2bc">
         <name>.text:_ltostr</name>
         <load_address>0x4e74</load_address>
         <run_address>0x4e74</run_address>
         <size>0xb1</size>
         <input_file_ref idref="fl-df"/>
      </object_component>
      <object_component id="oc-3e">
         <name>.text</name>
         <load_address>0x4f26</load_address>
         <run_address>0x4f26</run_address>
         <size>0x9c</size>
         <input_file_ref idref="fl-d5"/>
      </object_component>
      <object_component id="oc-37a">
         <name>.text</name>
         <load_address>0x4fc2</load_address>
         <run_address>0x4fc2</run_address>
         <size>0x96</size>
         <input_file_ref idref="fl-e1"/>
      </object_component>
      <object_component id="oc-121">
         <name>.text:__aeabi_cdcmple</name>
         <load_address>0x5058</load_address>
         <run_address>0x5058</run_address>
         <size>0x86</size>
         <input_file_ref idref="fl-ce"/>
      </object_component>
      <object_component id="oc-12a">
         <name>.text:__aeabi_cdrcmple</name>
         <load_address>0x50de</load_address>
         <run_address>0x50de</run_address>
         <size>0x86</size>
         <input_file_ref idref="fl-ce"/>
      </object_component>
      <object_component id="oc-96">
         <name>.text</name>
         <load_address>0x5164</load_address>
         <run_address>0x5164</run_address>
         <size>0x7a</size>
         <input_file_ref idref="fl-e0"/>
      </object_component>
      <object_component id="oc-40b">
         <name>.text:split</name>
         <load_address>0x51e0</load_address>
         <run_address>0x51e0</run_address>
         <size>0x70</size>
         <input_file_ref idref="fl-d9"/>
      </object_component>
      <object_component id="oc-38c">
         <name>.text:_mcpy</name>
         <load_address>0x5250</load_address>
         <run_address>0x5250</run_address>
         <size>0x6e</size>
         <input_file_ref idref="fl-df"/>
      </object_component>
      <object_component id="oc-111">
         <name>.text</name>
         <load_address>0x52be</load_address>
         <run_address>0x52be</run_address>
         <size>0x6e</size>
         <input_file_ref idref="fl-d2"/>
      </object_component>
      <object_component id="oc-15">
         <name>.text:decompress:lzss:__TI_decompress_lzss</name>
         <load_address>0x532c</load_address>
         <run_address>0x532c</run_address>
         <size>0x68</size>
         <input_file_ref idref="fl-d8"/>
      </object_component>
      <object_component id="oc-3a1">
         <name>.text:frexp</name>
         <load_address>0x5394</load_address>
         <run_address>0x5394</run_address>
         <size>0x64</size>
         <input_file_ref idref="fl-ef"/>
      </object_component>
      <object_component id="oc-2c8">
         <name>.text:_pconv_f</name>
         <load_address>0x53f8</load_address>
         <run_address>0x53f8</run_address>
         <size>0x56</size>
         <input_file_ref idref="fl-df"/>
      </object_component>
      <object_component id="oc-380">
         <name>.text:__TI_ltoa</name>
         <load_address>0x544e</load_address>
         <run_address>0x544e</run_address>
         <size>0x54</size>
         <input_file_ref idref="fl-e7"/>
      </object_component>
      <object_component id="oc-386">
         <name>.text:_ecpy</name>
         <load_address>0x54a2</load_address>
         <run_address>0x54a2</run_address>
         <size>0x52</size>
         <input_file_ref idref="fl-df"/>
      </object_component>
      <object_component id="oc-2b6">
         <name>.text:atoi</name>
         <load_address>0x54f4</load_address>
         <run_address>0x54f4</run_address>
         <size>0x4c</size>
         <input_file_ref idref="fl-e9"/>
      </object_component>
      <object_component id="oc-13b">
         <name>.text</name>
         <load_address>0x5540</load_address>
         <run_address>0x5540</run_address>
         <size>0x48</size>
         <input_file_ref idref="fl-d1"/>
      </object_component>
      <object_component id="oc-16f">
         <name>.text:__TI_auto_init_nobinit_nopinit:__TI_auto_init_nobinit_nopinit</name>
         <load_address>0x5588</load_address>
         <run_address>0x5588</run_address>
         <size>0x44</size>
         <input_file_ref idref="fl-e2"/>
      </object_component>
      <object_component id="oc-11b">
         <name>.text:sprintf</name>
         <load_address>0x55cc</load_address>
         <run_address>0x55cc</run_address>
         <size>0x40</size>
         <input_file_ref idref="fl-cb"/>
      </object_component>
      <object_component id="oc-223">
         <name>.text:vsnprintf</name>
         <load_address>0x560c</load_address>
         <run_address>0x560c</run_address>
         <size>0x40</size>
         <input_file_ref idref="fl-cc"/>
      </object_component>
      <object_component id="oc-399">
         <name>.text:_fcpy</name>
         <load_address>0x564c</load_address>
         <run_address>0x564c</run_address>
         <size>0x3e</size>
         <input_file_ref idref="fl-df"/>
      </object_component>
      <object_component id="oc-23a">
         <name>.text:calloc</name>
         <load_address>0x568c</load_address>
         <run_address>0x568c</run_address>
         <size>0x38</size>
         <input_file_ref idref="fl-d9"/>
      </object_component>
      <object_component id="oc-116">
         <name>.text</name>
         <load_address>0x56c4</load_address>
         <run_address>0x56c4</run_address>
         <size>0x38</size>
         <input_file_ref idref="fl-d3"/>
      </object_component>
      <object_component id="oc-1bc">
         <name>.text:IntRegister</name>
         <load_address>0x56fc</load_address>
         <run_address>0x56fc</run_address>
         <size>0x34</size>
         <input_file_ref idref="fl-f1"/>
      </object_component>
      <object_component id="oc-5c">
         <name>.text:_c_int00_noargs:_c_int00_noargs</name>
         <load_address>0x5730</load_address>
         <run_address>0x5730</run_address>
         <size>0x34</size>
         <input_file_ref idref="fl-dc"/>
      </object_component>
      <object_component id="oc-2f8">
         <name>.text:_outs</name>
         <load_address>0x5764</load_address>
         <run_address>0x5764</run_address>
         <size>0x30</size>
         <input_file_ref idref="fl-cc"/>
      </object_component>
      <object_component id="oc-fc">
         <name>.text</name>
         <load_address>0x5794</load_address>
         <run_address>0x5794</run_address>
         <size>0x2e</size>
         <input_file_ref idref="fl-d4"/>
      </object_component>
      <object_component id="oc-328">
         <name>.text:free_list_insert</name>
         <load_address>0x57c4</load_address>
         <run_address>0x57c4</run_address>
         <size>0x28</size>
         <input_file_ref idref="fl-d9"/>
      </object_component>
      <object_component id="oc-4a">
         <name>.text:decompress:ZI:__TI_zero_init_nomemset:__TI_zero_init_nomemset</name>
         <load_address>0x57ec</load_address>
         <run_address>0x57ec</run_address>
         <size>0x1c</size>
         <input_file_ref idref="fl-d6"/>
      </object_component>
      <object_component id="oc-322">
         <name>.text:free_list_remove</name>
         <load_address>0x5808</load_address>
         <run_address>0x5808</run_address>
         <size>0x1c</size>
         <input_file_ref idref="fl-d9"/>
      </object_component>
      <object_component id="oc-2da">
         <name>.text:memccpy</name>
         <load_address>0x5824</load_address>
         <run_address>0x5824</run_address>
         <size>0x1c</size>
         <input_file_ref idref="fl-eb"/>
      </object_component>
      <object_component id="oc-29c">
         <name>.text:copysign</name>
         <load_address>0x5840</load_address>
         <run_address>0x5840</run_address>
         <size>0x1a</size>
         <input_file_ref idref="fl-de"/>
      </object_component>
      <object_component id="oc-2fe">
         <name>.text:_outc</name>
         <load_address>0x585a</load_address>
         <run_address>0x585a</run_address>
         <size>0x18</size>
         <input_file_ref idref="fl-cc"/>
      </object_component>
      <object_component id="oc-1fb">
         <name>.text:_outs</name>
         <load_address>0x5872</load_address>
         <run_address>0x5872</run_address>
         <size>0x18</size>
         <input_file_ref idref="fl-cb"/>
      </object_component>
      <object_component id="oc-246">
         <name>.text:oi_parseInt</name>
         <load_address>0x588a</load_address>
         <run_address>0x588a</run_address>
         <size>0x18</size>
         <input_file_ref idref="fl-8"/>
      </object_component>
      <object_component id="oc-229">
         <name>.text:strcmp</name>
         <load_address>0x58a2</load_address>
         <run_address>0x58a2</run_address>
         <size>0x18</size>
         <input_file_ref idref="fl-da"/>
      </object_component>
      <object_component id="oc-3a7">
         <name>.text:strchr</name>
         <load_address>0x58ba</load_address>
         <run_address>0x58ba</run_address>
         <size>0x16</size>
         <input_file_ref idref="fl-ec"/>
      </object_component>
      <object_component id="oc-22f">
         <name>.text:strcpy</name>
         <load_address>0x58d0</load_address>
         <run_address>0x58d0</run_address>
         <size>0x14</size>
         <input_file_ref idref="fl-db"/>
      </object_component>
      <object_component id="oc-2b0">
         <name>.text:strlen</name>
         <load_address>0x58e4</load_address>
         <run_address>0x58e4</run_address>
         <size>0x14</size>
         <input_file_ref idref="fl-ed"/>
      </object_component>
      <object_component id="oc-2e0">
         <name>.text:wcslen</name>
         <load_address>0x58f8</load_address>
         <run_address>0x58f8</run_address>
         <size>0x12</size>
         <input_file_ref idref="fl-ee"/>
      </object_component>
      <object_component id="oc-152">
         <name>.text:IntMasterEnable</name>
         <load_address>0x590a</load_address>
         <run_address>0x590a</run_address>
         <size>0x10</size>
         <input_file_ref idref="fl-f1"/>
      </object_component>
      <object_component id="oc-21c">
         <name>.text:lcd_clear</name>
         <load_address>0x591a</load_address>
         <run_address>0x591a</run_address>
         <size>0x10</size>
         <input_file_ref idref="fl-5"/>
      </object_component>
      <object_component id="oc-1b">
         <name>.text:decompress:none:__TI_decompress_none</name>
         <load_address>0x592a</load_address>
         <run_address>0x592a</run_address>
         <size>0xe</size>
         <input_file_ref idref="fl-d7"/>
      </object_component>
      <object_component id="oc-256">
         <name>.text:CPUcpsie</name>
         <load_address>0x5938</load_address>
         <run_address>0x5938</run_address>
         <size>0xc</size>
         <input_file_ref idref="fl-f2"/>
      </object_component>
      <object_component id="oc-2a">
         <name>.text</name>
         <load_address>0x5944</load_address>
         <run_address>0x5944</run_address>
         <size>0xc</size>
         <input_file_ref idref="fl-c"/>
      </object_component>
      <object_component id="oc-201">
         <name>.text:_outc</name>
         <load_address>0x5950</load_address>
         <run_address>0x5950</run_address>
         <size>0xa</size>
         <input_file_ref idref="fl-cb"/>
      </object_component>
      <object_component id="oc-1da">
         <name>.text:__aeabi_errno_addr</name>
         <load_address>0x595c</load_address>
         <run_address>0x595c</run_address>
         <size>0x8</size>
         <input_file_ref idref="fl-dd"/>
      </object_component>
      <object_component id="oc-31b">
         <name>.text:malloc</name>
         <load_address>0x5964</load_address>
         <run_address>0x5964</run_address>
         <size>0x8</size>
         <input_file_ref idref="fl-d9"/>
      </object_component>
      <object_component id="oc-9c">
         <name>.text:_system_pre_init</name>
         <load_address>0x596c</load_address>
         <run_address>0x596c</run_address>
         <size>0x4</size>
         <input_file_ref idref="fl-e3"/>
      </object_component>
      <object_component id="oc-163">
         <name>.text:abort:abort</name>
         <load_address>0x5970</load_address>
         <run_address>0x5970</run_address>
         <size>0x4</size>
         <input_file_ref idref="fl-e5"/>
      </object_component>
      <object_component id="oc-375">
         <name>.const:.string:_ctypes_</name>
         <load_address>0x5978</load_address>
         <run_address>0x5978</run_address>
         <size>0x101</size>
         <input_file_ref idref="fl-ea"/>
      </object_component>
      <object_component id="oc-235">
         <name>.const:.string:lineAddress$1</name>
         <load_address>0x5a79</load_address>
         <run_address>0x5a79</run_address>
         <size>0x4</size>
         <input_file_ref idref="fl-5"/>
      </object_component>
      <object_component id="oc-1e0">
         <name>.const:$O1$$</name>
         <load_address>0x5a80</load_address>
         <run_address>0x5a80</run_address>
         <size>0x30</size>
         <input_file_ref idref="fl-c8"/>
      </object_component>
      <object_component id="oc-250">
         <name>.const:.string:$P$T0$3</name>
         <load_address>0x5ab0</load_address>
         <run_address>0x5ab0</run_address>
         <size>0xf</size>
         <input_file_ref idref="fl-8"/>
      </object_component>
      <object_component id="oc-236">
         <name>.const:.string:lineAddresses$2</name>
         <load_address>0x5abf</load_address>
         <run_address>0x5abf</run_address>
         <size>0x4</size>
         <input_file_ref idref="fl-5"/>
      </object_component>
      <object_component id="oc-44a">
         <name>.cinit..data.load</name>
         <load_address>0x5ac8</load_address>
         <run_address>0x5ac8</run_address>
         <size>0x2b</size>
      </object_component>
      <object_component id="oc-447">
         <name>__TI_handler_table</name>
         <load_address>0x5af4</load_address>
         <run_address>0x5af4</run_address>
         <size>0xc</size>
      </object_component>
      <object_component id="oc-44b">
         <name>.cinit..bss.load</name>
         <load_address>0x5b00</load_address>
         <run_address>0x5b00</run_address>
         <size>0x8</size>
      </object_component>
      <object_component id="oc-449">
         <name>.cinit..vtable.load</name>
         <load_address>0x5b08</load_address>
         <run_address>0x5b08</run_address>
         <size>0x8</size>
      </object_component>
      <object_component id="oc-448">
         <name>__TI_cinit_table</name>
         <load_address>0x5b10</load_address>
         <run_address>0x5b10</run_address>
         <size>0x18</size>
      </object_component>
      <object_component id="oc-27f">
         <name>.vtable</name>
         <uninitialized>true</uninitialized>
         <run_address>0x20000000</run_address>
         <size>0x26c</size>
         <input_file_ref idref="fl-f1"/>
      </object_component>
      <object_component id="oc-1cd">
         <name>.data</name>
         <load_address>0x20000ff0</load_address>
         <run_address>0x20000ff0</run_address>
         <size>0x1</size>
         <input_file_ref idref="fl-2"/>
      </object_component>
      <object_component id="oc-140">
         <name>.data:M</name>
         <load_address>0x20000f48</load_address>
         <run_address>0x20000f48</run_address>
         <size>0x48</size>
         <input_file_ref idref="fl-6"/>
      </object_component>
      <object_component id="oc-dd">
         <name>.data</name>
         <load_address>0x20000fb0</load_address>
         <run_address>0x20000fb0</run_address>
         <size>0x14</size>
         <input_file_ref idref="fl-6"/>
      </object_component>
      <object_component id="oc-143">
         <name>.data:b</name>
         <load_address>0x20000fc4</load_address>
         <run_address>0x20000fc4</run_address>
         <size>0xc</size>
         <input_file_ref idref="fl-6"/>
      </object_component>
      <object_component id="oc-24d">
         <name>.data</name>
         <load_address>0x20000f90</load_address>
         <run_address>0x20000f90</run_address>
         <size>0x20</size>
         <input_file_ref idref="fl-8"/>
      </object_component>
      <object_component id="oc-1c4">
         <name>.data</name>
         <load_address>0x20000fd0</load_address>
         <run_address>0x20000fd0</run_address>
         <size>0xc</size>
         <input_file_ref idref="fl-b"/>
      </object_component>
      <object_component id="oc-3d2">
         <name>.data:$O1$$</name>
         <load_address>0x20000fe4</load_address>
         <run_address>0x20000fe4</run_address>
         <size>0x8</size>
         <input_file_ref idref="fl-d9"/>
      </object_component>
      <object_component id="oc-295">
         <name>.data</name>
         <load_address>0x20000fec</load_address>
         <run_address>0x20000fec</run_address>
         <size>0x4</size>
         <input_file_ref idref="fl-dd"/>
      </object_component>
      <object_component id="oc-261">
         <name>.data:$O1$$</name>
         <load_address>0x20000fdc</load_address>
         <run_address>0x20000fdc</run_address>
         <size>0x8</size>
         <input_file_ref idref="fl-e6"/>
      </object_component>
      <object_component id="oc-237">
         <name>.bss:lastbuffer$3</name>
         <uninitialized>true</uninitialized>
         <run_address>0x20000e70</run_address>
         <size>0x54</size>
         <input_file_ref idref="fl-5"/>
      </object_component>
      <object_component id="oc-253">
         <name>.bss:firmware$2</name>
         <uninitialized>true</uninitialized>
         <run_address>0x20000ef8</run_address>
         <size>0x18</size>
         <input_file_ref idref="fl-8"/>
      </object_component>
      <object_component id="oc-1d0">
         <name>.common:_timeout_ticks</name>
         <uninitialized>true</uninitialized>
         <run_address>0x20000f28</run_address>
         <size>0x4</size>
      </object_component>
      <object_component id="oc-1c7">
         <name>.common:button_event</name>
         <uninitialized>true</uninitialized>
         <run_address>0x20000f2c</run_address>
         <size>0x4</size>
      </object_component>
      <object_component id="oc-1ca">
         <name>.common:button_num</name>
         <uninitialized>true</uninitialized>
         <run_address>0x20000f30</run_address>
         <size>0x4</size>
      </object_component>
      <object_component id="oc-213">
         <name>.common:rising_time</name>
         <uninitialized>true</uninitialized>
         <run_address>0x20000f3c</run_address>
         <size>0x4</size>
      </object_component>
      <object_component id="oc-214">
         <name>.common:falling_time</name>
         <uninitialized>true</uninitialized>
         <run_address>0x20000f34</run_address>
         <size>0x4</size>
      </object_component>
      <object_component id="oc-210">
         <name>.common:state</name>
         <uninitialized>true</uninitialized>
         <run_address>0x20000f44</run_address>
         <size>0x1</size>
      </object_component>
      <object_component id="oc-129">
         <name>.common:buffer</name>
         <uninitialized>true</uninitialized>
         <run_address>0x20000ec4</run_address>
         <size>0x34</size>
      </object_component>
      <object_component id="oc-126">
         <name>.common:a2</name>
         <uninitialized>true</uninitialized>
         <run_address>0x20000f20</run_address>
         <size>0x8</size>
      </object_component>
      <object_component id="oc-127">
         <name>.common:a1</name>
         <uninitialized>true</uninitialized>
         <run_address>0x20000f18</run_address>
         <size>0x8</size>
      </object_component>
      <object_component id="oc-128">
         <name>.common:a0</name>
         <uninitialized>true</uninitialized>
         <run_address>0x20000f10</run_address>
         <size>0x8</size>
      </object_component>
      <object_component id="oc-e0">
         <name>.common:sensor_data</name>
         <uninitialized>true</uninitialized>
         <run_address>0x20000f40</run_address>
         <size>0x4</size>
      </object_component>
      <object_component id="oc-12f">
         <name>.common:i</name>
         <uninitialized>true</uninitialized>
         <run_address>0x20000f38</run_address>
         <size>0x4</size>
      </object_component>
      <object_component id="oc-e3">
         <name>.common:uart_data</name>
         <uninitialized>true</uninitialized>
         <run_address>0x20000f45</run_address>
         <size>0x1</size>
      </object_component>
      <object_component id="oc-24">
         <name>.sysmem</name>
         <uninitialized>true</uninitialized>
         <run_address>0x20000a70</run_address>
         <size>0x10</size>
         <input_file_ref idref="fl-d9"/>
      </object_component>
      <object_component id="oc-44e">
         <name>.sysmem</name>
         <uninitialized>true</uninitialized>
         <run_address>0x20000a70</run_address>
         <size>0x0</size>
      </object_component>
      <object_component id="oc-27">
         <name>.stack</name>
         <uninitialized>true</uninitialized>
         <run_address>0x20000270</run_address>
         <size>0x4</size>
         <input_file_ref idref="fl-dc"/>
      </object_component>
      <object_component id="oc-44d">
         <name>.stack</name>
         <uninitialized>true</uninitialized>
         <run_address>0x20000270</run_address>
         <size>0x0</size>
      </object_component>
      <object_component id="oc-c5">
         <name>.debug_info</name>
         <load_address>0x0</load_address>
         <run_address>0x0</run_address>
         <size>0x2a9</size>
         <input_file_ref idref="fl-2"/>
      </object_component>
      <object_component id="oc-1ce">
         <name>.debug_info</name>
         <load_address>0x2a9</load_address>
         <run_address>0x2a9</run_address>
         <size>0xb7</size>
         <input_file_ref idref="fl-2"/>
      </object_component>
      <object_component id="oc-f1">
         <name>.debug_info</name>
         <load_address>0x360</load_address>
         <run_address>0x360</run_address>
         <size>0x4ff</size>
         <input_file_ref idref="fl-2"/>
      </object_component>
      <object_component id="oc-77">
         <name>.debug_info</name>
         <load_address>0x85f</load_address>
         <run_address>0x85f</run_address>
         <size>0x26b</size>
         <input_file_ref idref="fl-2"/>
      </object_component>
      <object_component id="oc-39">
         <name>.debug_info</name>
         <load_address>0xaca</load_address>
         <run_address>0xaca</run_address>
         <size>0x84</size>
         <input_file_ref idref="fl-2"/>
      </object_component>
      <object_component id="oc-c0">
         <name>.debug_info</name>
         <load_address>0xb4e</load_address>
         <run_address>0xb4e</run_address>
         <size>0x2a4</size>
         <input_file_ref idref="fl-2"/>
      </object_component>
      <object_component id="oc-7c">
         <name>.debug_info</name>
         <load_address>0xdf2</load_address>
         <run_address>0xdf2</run_address>
         <size>0xbb</size>
         <input_file_ref idref="fl-2"/>
      </object_component>
      <object_component id="oc-f7">
         <name>.debug_info</name>
         <load_address>0xead</load_address>
         <run_address>0xead</run_address>
         <size>0x153</size>
         <input_file_ref idref="fl-3"/>
      </object_component>
      <object_component id="oc-1c8">
         <name>.debug_info</name>
         <load_address>0x1000</load_address>
         <run_address>0x1000</run_address>
         <size>0x2fd</size>
         <input_file_ref idref="fl-4"/>
      </object_component>
      <object_component id="oc-239">
         <name>.debug_info</name>
         <load_address>0x12fd</load_address>
         <run_address>0x12fd</run_address>
         <size>0x377</size>
         <input_file_ref idref="fl-5"/>
      </object_component>
      <object_component id="oc-21d">
         <name>.debug_info</name>
         <load_address>0x1674</load_address>
         <run_address>0x1674</run_address>
         <size>0x10c</size>
         <input_file_ref idref="fl-5"/>
      </object_component>
      <object_component id="oc-147">
         <name>.debug_info</name>
         <load_address>0x1780</load_address>
         <run_address>0x1780</run_address>
         <size>0x898</size>
         <input_file_ref idref="fl-5"/>
      </object_component>
      <object_component id="oc-316">
         <name>.debug_info</name>
         <load_address>0x2018</load_address>
         <run_address>0x2018</run_address>
         <size>0xcc</size>
         <input_file_ref idref="fl-5"/>
      </object_component>
      <object_component id="oc-209">
         <name>.debug_info</name>
         <load_address>0x20e4</load_address>
         <run_address>0x20e4</run_address>
         <size>0x2c</size>
         <input_file_ref idref="fl-5"/>
      </object_component>
      <object_component id="oc-1b7">
         <name>.debug_info</name>
         <load_address>0x2110</load_address>
         <run_address>0x2110</run_address>
         <size>0x35</size>
         <input_file_ref idref="fl-5"/>
      </object_component>
      <object_component id="oc-e1">
         <name>.debug_info</name>
         <load_address>0x2145</load_address>
         <run_address>0x2145</run_address>
         <size>0x6e2</size>
         <input_file_ref idref="fl-6"/>
      </object_component>
      <object_component id="oc-141">
         <name>.debug_info</name>
         <load_address>0x2827</load_address>
         <run_address>0x2827</run_address>
         <size>0xa8</size>
         <input_file_ref idref="fl-6"/>
      </object_component>
      <object_component id="oc-de">
         <name>.debug_info</name>
         <load_address>0x28cf</load_address>
         <run_address>0x28cf</run_address>
         <size>0x160</size>
         <input_file_ref idref="fl-6"/>
      </object_component>
      <object_component id="oc-144">
         <name>.debug_info</name>
         <load_address>0x2a2f</load_address>
         <run_address>0x2a2f</run_address>
         <size>0xa8</size>
         <input_file_ref idref="fl-6"/>
      </object_component>
      <object_component id="oc-a3">
         <name>.debug_info</name>
         <load_address>0x2ad7</load_address>
         <run_address>0x2ad7</run_address>
         <size>0xef0</size>
         <input_file_ref idref="fl-6"/>
      </object_component>
      <object_component id="oc-1a9">
         <name>.debug_info</name>
         <load_address>0x39c7</load_address>
         <run_address>0x39c7</run_address>
         <size>0x44</size>
         <input_file_ref idref="fl-6"/>
      </object_component>
      <object_component id="oc-1ad">
         <name>.debug_info</name>
         <load_address>0x3a0b</load_address>
         <run_address>0x3a0b</run_address>
         <size>0x5aa</size>
         <input_file_ref idref="fl-6"/>
      </object_component>
      <object_component id="oc-15e">
         <name>.debug_info</name>
         <load_address>0x3fb5</load_address>
         <run_address>0x3fb5</run_address>
         <size>0x4a</size>
         <input_file_ref idref="fl-6"/>
      </object_component>
      <object_component id="oc-1b2">
         <name>.debug_info</name>
         <load_address>0x3fff</load_address>
         <run_address>0x3fff</run_address>
         <size>0xae</size>
         <input_file_ref idref="fl-6"/>
      </object_component>
      <object_component id="oc-159">
         <name>.debug_info</name>
         <load_address>0x40ad</load_address>
         <run_address>0x40ad</run_address>
         <size>0x8b</size>
         <input_file_ref idref="fl-6"/>
      </object_component>
      <object_component id="oc-1a4">
         <name>.debug_info</name>
         <load_address>0x4138</load_address>
         <run_address>0x4138</run_address>
         <size>0x318</size>
         <input_file_ref idref="fl-7"/>
      </object_component>
      <object_component id="oc-d9">
         <name>.debug_info</name>
         <load_address>0x4450</load_address>
         <run_address>0x4450</run_address>
         <size>0x89a</size>
         <input_file_ref idref="fl-7"/>
      </object_component>
      <object_component id="oc-255">
         <name>.debug_info</name>
         <load_address>0x4cea</load_address>
         <run_address>0x4cea</run_address>
         <size>0x3f4</size>
         <input_file_ref idref="fl-8"/>
      </object_component>
      <object_component id="oc-24e">
         <name>.debug_info</name>
         <load_address>0x50de</load_address>
         <run_address>0x50de</run_address>
         <size>0x109</size>
         <input_file_ref idref="fl-8"/>
      </object_component>
      <object_component id="oc-251">
         <name>.debug_info</name>
         <load_address>0x51e7</load_address>
         <run_address>0x51e7</run_address>
         <size>0xbe</size>
         <input_file_ref idref="fl-8"/>
      </object_component>
      <object_component id="oc-247">
         <name>.debug_info</name>
         <load_address>0x52a5</load_address>
         <run_address>0x52a5</run_address>
         <size>0x136</size>
         <input_file_ref idref="fl-8"/>
      </object_component>
      <object_component id="oc-14d">
         <name>.debug_info</name>
         <load_address>0x53db</load_address>
         <run_address>0x53db</run_address>
         <size>0x1980</size>
         <input_file_ref idref="fl-8"/>
      </object_component>
      <object_component id="oc-211">
         <name>.debug_info</name>
         <load_address>0x6d5b</load_address>
         <run_address>0x6d5b</run_address>
         <size>0x31d</size>
         <input_file_ref idref="fl-a"/>
      </object_component>
      <object_component id="oc-132">
         <name>.debug_info</name>
         <load_address>0x7078</load_address>
         <run_address>0x7078</run_address>
         <size>0x292</size>
         <input_file_ref idref="fl-a"/>
      </object_component>
      <object_component id="oc-1cc">
         <name>.debug_info</name>
         <load_address>0x730a</load_address>
         <run_address>0x730a</run_address>
         <size>0x348</size>
         <input_file_ref idref="fl-b"/>
      </object_component>
      <object_component id="oc-1c5">
         <name>.debug_info</name>
         <load_address>0x7652</load_address>
         <run_address>0x7652</run_address>
         <size>0x105</size>
         <input_file_ref idref="fl-b"/>
      </object_component>
      <object_component id="oc-ed">
         <name>.debug_info</name>
         <load_address>0x7757</load_address>
         <run_address>0x7757</run_address>
         <size>0x2aa</size>
         <input_file_ref idref="fl-b"/>
      </object_component>
      <object_component id="oc-32">
         <name>.debug_info</name>
         <load_address>0x7a01</load_address>
         <run_address>0x7a01</run_address>
         <size>0x293</size>
         <input_file_ref idref="fl-c"/>
      </object_component>
      <object_component id="oc-13">
         <name>.debug_info</name>
         <load_address>0x7c94</load_address>
         <run_address>0x7c94</run_address>
         <size>0xd2</size>
         <input_file_ref idref="fl-c"/>
      </object_component>
      <object_component id="oc-2e">
         <name>.debug_info</name>
         <load_address>0x7d66</load_address>
         <run_address>0x7d66</run_address>
         <size>0x24e</size>
         <input_file_ref idref="fl-c"/>
      </object_component>
      <object_component id="oc-1c3">
         <name>.debug_info</name>
         <load_address>0x7fb4</load_address>
         <run_address>0x7fb4</run_address>
         <size>0x2b8</size>
         <input_file_ref idref="fl-d"/>
      </object_component>
      <object_component id="oc-e8">
         <name>.debug_info</name>
         <load_address>0x826c</load_address>
         <run_address>0x826c</run_address>
         <size>0x34f</size>
         <input_file_ref idref="fl-d"/>
      </object_component>
      <object_component id="oc-1ef">
         <name>.debug_info</name>
         <load_address>0x85bb</load_address>
         <run_address>0x85bb</run_address>
         <size>0x35e</size>
         <input_file_ref idref="fl-c8"/>
      </object_component>
      <object_component id="oc-1e1">
         <name>.debug_info</name>
         <load_address>0x8919</load_address>
         <run_address>0x8919</run_address>
         <size>0x128</size>
         <input_file_ref idref="fl-c8"/>
      </object_component>
      <object_component id="oc-102">
         <name>.debug_info</name>
         <load_address>0x8a41</load_address>
         <run_address>0x8a41</run_address>
         <size>0xbf2</size>
         <input_file_ref idref="fl-c8"/>
      </object_component>
      <object_component id="oc-2a9">
         <name>.debug_info</name>
         <load_address>0x9633</load_address>
         <run_address>0x9633</run_address>
         <size>0x46</size>
         <input_file_ref idref="fl-c8"/>
      </object_component>
      <object_component id="oc-1ea">
         <name>.debug_info</name>
         <load_address>0x9679</load_address>
         <run_address>0x9679</run_address>
         <size>0x39</size>
         <input_file_ref idref="fl-c8"/>
      </object_component>
      <object_component id="oc-294">
         <name>.debug_info</name>
         <load_address>0x96b2</load_address>
         <run_address>0x96b2</run_address>
         <size>0x2c5</size>
         <input_file_ref idref="fl-c9"/>
      </object_component>
      <object_component id="oc-1d5">
         <name>.debug_info</name>
         <load_address>0x9977</load_address>
         <run_address>0x9977</run_address>
         <size>0x24e</size>
         <input_file_ref idref="fl-c9"/>
      </object_component>
      <object_component id="oc-2a3">
         <name>.debug_info</name>
         <load_address>0x9bc5</load_address>
         <run_address>0x9bc5</run_address>
         <size>0x2f8</size>
         <input_file_ref idref="fl-ca"/>
      </object_component>
      <object_component id="oc-1e6">
         <name>.debug_info</name>
         <load_address>0x9ebd</load_address>
         <run_address>0x9ebd</run_address>
         <size>0x225</size>
         <input_file_ref idref="fl-ca"/>
      </object_component>
      <object_component id="oc-36e">
         <name>.debug_info</name>
         <load_address>0xa0e2</load_address>
         <run_address>0xa0e2</run_address>
         <size>0x39</size>
         <input_file_ref idref="fl-ca"/>
      </object_component>
      <object_component id="oc-2a4">
         <name>.debug_info</name>
         <load_address>0xa11b</load_address>
         <run_address>0xa11b</run_address>
         <size>0x2c</size>
         <input_file_ref idref="fl-ca"/>
      </object_component>
      <object_component id="oc-208">
         <name>.debug_info</name>
         <load_address>0xa147</load_address>
         <run_address>0xa147</run_address>
         <size>0x333</size>
         <input_file_ref idref="fl-cb"/>
      </object_component>
      <object_component id="oc-11d">
         <name>.debug_info</name>
         <load_address>0xa47a</load_address>
         <run_address>0xa47a</run_address>
         <size>0x1d1</size>
         <input_file_ref idref="fl-cb"/>
      </object_component>
      <object_component id="oc-1fc">
         <name>.debug_info</name>
         <load_address>0xa64b</load_address>
         <run_address>0xa64b</run_address>
         <size>0x18d</size>
         <input_file_ref idref="fl-cb"/>
      </object_component>
      <object_component id="oc-203">
         <name>.debug_info</name>
         <load_address>0xa7d8</load_address>
         <run_address>0xa7d8</run_address>
         <size>0x16d</size>
         <input_file_ref idref="fl-cb"/>
      </object_component>
      <object_component id="oc-306">
         <name>.debug_info</name>
         <load_address>0xa945</load_address>
         <run_address>0xa945</run_address>
         <size>0x2c</size>
         <input_file_ref idref="fl-cb"/>
      </object_component>
      <object_component id="oc-305">
         <name>.debug_info</name>
         <load_address>0xa971</load_address>
         <run_address>0xa971</run_address>
         <size>0x340</size>
         <input_file_ref idref="fl-cc"/>
      </object_component>
      <object_component id="oc-225">
         <name>.debug_info</name>
         <load_address>0xacb1</load_address>
         <run_address>0xacb1</run_address>
         <size>0x208</size>
         <input_file_ref idref="fl-cc"/>
      </object_component>
      <object_component id="oc-2fa">
         <name>.debug_info</name>
         <load_address>0xaeb9</load_address>
         <run_address>0xaeb9</run_address>
         <size>0x1c6</size>
         <input_file_ref idref="fl-cc"/>
      </object_component>
      <object_component id="oc-300">
         <name>.debug_info</name>
         <load_address>0xb07f</load_address>
         <run_address>0xb07f</run_address>
         <size>0x179</size>
         <input_file_ref idref="fl-cc"/>
      </object_component>
      <object_component id="oc-30b">
         <name>.debug_info</name>
         <load_address>0xb1f8</load_address>
         <run_address>0xb1f8</run_address>
         <size>0x69</size>
         <input_file_ref idref="fl-cc"/>
      </object_component>
      <object_component id="oc-10d">
         <name>.debug_info</name>
         <load_address>0xb261</load_address>
         <run_address>0xb261</run_address>
         <size>0x14c</size>
         <input_file_ref idref="fl-cd"/>
      </object_component>
      <object_component id="oc-123">
         <name>.debug_info</name>
         <load_address>0xb3ad</load_address>
         <run_address>0xb3ad</run_address>
         <size>0x128</size>
         <input_file_ref idref="fl-ce"/>
      </object_component>
      <object_component id="oc-12c">
         <name>.debug_info</name>
         <load_address>0xb4d5</load_address>
         <run_address>0xb4d5</run_address>
         <size>0x12a</size>
         <input_file_ref idref="fl-ce"/>
      </object_component>
      <object_component id="oc-138">
         <name>.debug_info</name>
         <load_address>0xb5ff</load_address>
         <run_address>0xb5ff</run_address>
         <size>0x13a</size>
         <input_file_ref idref="fl-cf"/>
      </object_component>
      <object_component id="oc-108">
         <name>.debug_info</name>
         <load_address>0xb739</load_address>
         <run_address>0xb739</run_address>
         <size>0x13a</size>
         <input_file_ref idref="fl-d0"/>
      </object_component>
      <object_component id="oc-13d">
         <name>.debug_info</name>
         <load_address>0xb873</load_address>
         <run_address>0xb873</run_address>
         <size>0x12e</size>
         <input_file_ref idref="fl-d1"/>
      </object_component>
      <object_component id="oc-112">
         <name>.debug_info</name>
         <load_address>0xb9a1</load_address>
         <run_address>0xb9a1</run_address>
         <size>0x13e</size>
         <input_file_ref idref="fl-d2"/>
      </object_component>
      <object_component id="oc-118">
         <name>.debug_info</name>
         <load_address>0xbadf</load_address>
         <run_address>0xbadf</run_address>
         <size>0x12c</size>
         <input_file_ref idref="fl-d3"/>
      </object_component>
      <object_component id="oc-fd">
         <name>.debug_info</name>
         <load_address>0xbc0b</load_address>
         <run_address>0xbc0b</run_address>
         <size>0x12c</size>
         <input_file_ref idref="fl-d4"/>
      </object_component>
      <object_component id="oc-40">
         <name>.debug_info</name>
         <load_address>0xbd37</load_address>
         <run_address>0xbd37</run_address>
         <size>0x119</size>
         <input_file_ref idref="fl-d5"/>
      </object_component>
      <object_component id="oc-95">
         <name>.debug_info</name>
         <load_address>0xbe50</load_address>
         <run_address>0xbe50</run_address>
         <size>0x2d4</size>
         <input_file_ref idref="fl-d6"/>
      </object_component>
      <object_component id="oc-4c">
         <name>.debug_info</name>
         <load_address>0xc124</load_address>
         <run_address>0xc124</run_address>
         <size>0x1d2</size>
         <input_file_ref idref="fl-d6"/>
      </object_component>
      <object_component id="oc-90">
         <name>.debug_info</name>
         <load_address>0xc2f6</load_address>
         <run_address>0xc2f6</run_address>
         <size>0x46</size>
         <input_file_ref idref="fl-d6"/>
      </object_component>
      <object_component id="oc-ce">
         <name>.debug_info</name>
         <load_address>0xc33c</load_address>
         <run_address>0xc33c</run_address>
         <size>0x2c</size>
         <input_file_ref idref="fl-d6"/>
      </object_component>
      <object_component id="oc-49">
         <name>.debug_info</name>
         <load_address>0xc368</load_address>
         <run_address>0xc368</run_address>
         <size>0x2a8</size>
         <input_file_ref idref="fl-d7"/>
      </object_component>
      <object_component id="oc-1e">
         <name>.debug_info</name>
         <load_address>0xc610</load_address>
         <run_address>0xc610</run_address>
         <size>0x1ea</size>
         <input_file_ref idref="fl-d7"/>
      </object_component>
      <object_component id="oc-44">
         <name>.debug_info</name>
         <load_address>0xc7fa</load_address>
         <run_address>0xc7fa</run_address>
         <size>0x46</size>
         <input_file_ref idref="fl-d7"/>
      </object_component>
      <object_component id="oc-88">
         <name>.debug_info</name>
         <load_address>0xc840</load_address>
         <run_address>0xc840</run_address>
         <size>0x2c</size>
         <input_file_ref idref="fl-d7"/>
      </object_component>
      <object_component id="oc-86">
         <name>.debug_info</name>
         <load_address>0xc86c</load_address>
         <run_address>0xc86c</run_address>
         <size>0x29e</size>
         <input_file_ref idref="fl-d8"/>
      </object_component>
      <object_component id="oc-16">
         <name>.debug_info</name>
         <load_address>0xcb0a</load_address>
         <run_address>0xcb0a</run_address>
         <size>0x250</size>
         <input_file_ref idref="fl-d8"/>
      </object_component>
      <object_component id="oc-34">
         <name>.debug_info</name>
         <load_address>0xcd5a</load_address>
         <run_address>0xcd5a</run_address>
         <size>0x60</size>
         <input_file_ref idref="fl-d8"/>
      </object_component>
      <object_component id="oc-c7">
         <name>.debug_info</name>
         <load_address>0xcdba</load_address>
         <run_address>0xcdba</run_address>
         <size>0x46</size>
         <input_file_ref idref="fl-d8"/>
      </object_component>
      <object_component id="oc-81">
         <name>.debug_info</name>
         <load_address>0xce00</load_address>
         <run_address>0xce00</run_address>
         <size>0x39</size>
         <input_file_ref idref="fl-d8"/>
      </object_component>
      <object_component id="oc-70">
         <name>.debug_info</name>
         <load_address>0xce39</load_address>
         <run_address>0xce39</run_address>
         <size>0x3b2</size>
         <input_file_ref idref="fl-d9"/>
      </object_component>
      <object_component id="oc-25">
         <name>.debug_info</name>
         <load_address>0xd1eb</load_address>
         <run_address>0xd1eb</run_address>
         <size>0x10c</size>
         <input_file_ref idref="fl-d9"/>
      </object_component>
      <object_component id="oc-3d3">
         <name>.debug_info</name>
         <load_address>0xd2f7</load_address>
         <run_address>0xd2f7</run_address>
         <size>0x13f</size>
         <input_file_ref idref="fl-d9"/>
      </object_component>
      <object_component id="oc-31e">
         <name>.debug_info</name>
         <load_address>0xd436</load_address>
         <run_address>0xd436</run_address>
         <size>0x168</size>
         <input_file_ref idref="fl-d9"/>
      </object_component>
      <object_component id="oc-326">
         <name>.debug_info</name>
         <load_address>0xd59e</load_address>
         <run_address>0xd59e</run_address>
         <size>0x18e</size>
         <input_file_ref idref="fl-d9"/>
      </object_component>
      <object_component id="oc-32b">
         <name>.debug_info</name>
         <load_address>0xd72c</load_address>
         <run_address>0xd72c</run_address>
         <size>0x19f</size>
         <input_file_ref idref="fl-d9"/>
      </object_component>
      <object_component id="oc-242">
         <name>.debug_info</name>
         <load_address>0xd8cb</load_address>
         <run_address>0xd8cb</run_address>
         <size>0x203</size>
         <input_file_ref idref="fl-d9"/>
      </object_component>
      <object_component id="oc-40e">
         <name>.debug_info</name>
         <load_address>0xdace</load_address>
         <run_address>0xdace</run_address>
         <size>0x1db</size>
         <input_file_ref idref="fl-d9"/>
      </object_component>
      <object_component id="oc-23e">
         <name>.debug_info</name>
         <load_address>0xdca9</load_address>
         <run_address>0xdca9</run_address>
         <size>0x1a5</size>
         <input_file_ref idref="fl-d9"/>
      </object_component>
      <object_component id="oc-3cf">
         <name>.debug_info</name>
         <load_address>0xde4e</load_address>
         <run_address>0xde4e</run_address>
         <size>0x299</size>
         <input_file_ref idref="fl-d9"/>
      </object_component>
      <object_component id="oc-bb">
         <name>.debug_info</name>
         <load_address>0xe0e7</load_address>
         <run_address>0xe0e7</run_address>
         <size>0xb2</size>
         <input_file_ref idref="fl-d9"/>
      </object_component>
      <object_component id="oc-b6">
         <name>.debug_info</name>
         <load_address>0xe199</load_address>
         <run_address>0xe199</run_address>
         <size>0x2c</size>
         <input_file_ref idref="fl-d9"/>
      </object_component>
      <object_component id="oc-311">
         <name>.debug_info</name>
         <load_address>0xe1c5</load_address>
         <run_address>0xe1c5</run_address>
         <size>0x28a</size>
         <input_file_ref idref="fl-da"/>
      </object_component>
      <object_component id="oc-22b">
         <name>.debug_info</name>
         <load_address>0xe44f</load_address>
         <run_address>0xe44f</run_address>
         <size>0x273</size>
         <input_file_ref idref="fl-da"/>
      </object_component>
      <object_component id="oc-313">
         <name>.debug_info</name>
         <load_address>0xe6c2</load_address>
         <run_address>0xe6c2</run_address>
         <size>0x2a4</size>
         <input_file_ref idref="fl-db"/>
      </object_component>
      <object_component id="oc-233">
         <name>.debug_info</name>
         <load_address>0xe966</load_address>
         <run_address>0xe966</run_address>
         <size>0x24d</size>
         <input_file_ref idref="fl-db"/>
      </object_component>
      <object_component id="oc-28">
         <name>.debug_info</name>
         <load_address>0xebb3</load_address>
         <run_address>0xebb3</run_address>
         <size>0x10b</size>
         <input_file_ref idref="fl-dc"/>
      </object_component>
      <object_component id="oc-60">
         <name>.debug_info</name>
         <load_address>0xecbe</load_address>
         <run_address>0xecbe</run_address>
         <size>0x1a9</size>
         <input_file_ref idref="fl-dc"/>
      </object_component>
      <object_component id="oc-299">
         <name>.debug_info</name>
         <load_address>0xee67</load_address>
         <run_address>0xee67</run_address>
         <size>0x289</size>
         <input_file_ref idref="fl-dd"/>
      </object_component>
      <object_component id="oc-296">
         <name>.debug_info</name>
         <load_address>0xf0f0</load_address>
         <run_address>0xf0f0</run_address>
         <size>0x10e</size>
         <input_file_ref idref="fl-dd"/>
      </object_component>
      <object_component id="oc-1db">
         <name>.debug_info</name>
         <load_address>0xf1fe</load_address>
         <run_address>0xf1fe</run_address>
         <size>0x14e</size>
         <input_file_ref idref="fl-dd"/>
      </object_component>
      <object_component id="oc-29d">
         <name>.debug_info</name>
         <load_address>0xf34c</load_address>
         <run_address>0xf34c</run_address>
         <size>0x161</size>
         <input_file_ref idref="fl-de"/>
      </object_component>
      <object_component id="oc-2e7">
         <name>.debug_info</name>
         <load_address>0xf4ad</load_address>
         <run_address>0xf4ad</run_address>
         <size>0x590</size>
         <input_file_ref idref="fl-df"/>
      </object_component>
      <object_component id="oc-2c0">
         <name>.debug_info</name>
         <load_address>0xfa3d</load_address>
         <run_address>0xfa3d</run_address>
         <size>0x21e</size>
         <input_file_ref idref="fl-df"/>
      </object_component>
      <object_component id="oc-38a">
         <name>.debug_info</name>
         <load_address>0xfc5b</load_address>
         <run_address>0xfc5b</run_address>
         <size>0x1b3</size>
         <input_file_ref idref="fl-df"/>
      </object_component>
      <object_component id="oc-390">
         <name>.debug_info</name>
         <load_address>0xfe0e</load_address>
         <run_address>0xfe0e</run_address>
         <size>0x21b</size>
         <input_file_ref idref="fl-df"/>
      </object_component>
      <object_component id="oc-2c6">
         <name>.debug_info</name>
         <load_address>0x10029</load_address>
         <run_address>0x10029</run_address>
         <size>0x3c0</size>
         <input_file_ref idref="fl-df"/>
      </object_component>
      <object_component id="oc-397">
         <name>.debug_info</name>
         <load_address>0x103e9</load_address>
         <run_address>0x103e9</run_address>
         <size>0x30a</size>
         <input_file_ref idref="fl-df"/>
      </object_component>
      <object_component id="oc-39d">
         <name>.debug_info</name>
         <load_address>0x106f3</load_address>
         <run_address>0x106f3</run_address>
         <size>0x215</size>
         <input_file_ref idref="fl-df"/>
      </object_component>
      <object_component id="oc-2cb">
         <name>.debug_info</name>
         <load_address>0x10908</load_address>
         <run_address>0x10908</run_address>
         <size>0x215</size>
         <input_file_ref idref="fl-df"/>
      </object_component>
      <object_component id="oc-2d1">
         <name>.debug_info</name>
         <load_address>0x10b1d</load_address>
         <run_address>0x10b1d</run_address>
         <size>0x304</size>
         <input_file_ref idref="fl-df"/>
      </object_component>
      <object_component id="oc-2d8">
         <name>.debug_info</name>
         <load_address>0x10e21</load_address>
         <run_address>0x10e21</run_address>
         <size>0x4b5</size>
         <input_file_ref idref="fl-df"/>
      </object_component>
      <object_component id="oc-1f8">
         <name>.debug_info</name>
         <load_address>0x112d6</load_address>
         <run_address>0x112d6</run_address>
         <size>0x5f4</size>
         <input_file_ref idref="fl-df"/>
      </object_component>
      <object_component id="oc-2e8">
         <name>.debug_info</name>
         <load_address>0x118ca</load_address>
         <run_address>0x118ca</run_address>
         <size>0x86</size>
         <input_file_ref idref="fl-df"/>
      </object_component>
      <object_component id="oc-3b9">
         <name>.debug_info</name>
         <load_address>0x11950</load_address>
         <run_address>0x11950</run_address>
         <size>0x39</size>
         <input_file_ref idref="fl-df"/>
      </object_component>
      <object_component id="oc-406">
         <name>.debug_info</name>
         <load_address>0x11989</load_address>
         <run_address>0x11989</run_address>
         <size>0xb6</size>
         <input_file_ref idref="fl-df"/>
      </object_component>
      <object_component id="oc-3be">
         <name>.debug_info</name>
         <load_address>0x11a3f</load_address>
         <run_address>0x11a3f</run_address>
         <size>0x46</size>
         <input_file_ref idref="fl-df"/>
      </object_component>
      <object_component id="oc-2ed">
         <name>.debug_info</name>
         <load_address>0x11a85</load_address>
         <run_address>0x11a85</run_address>
         <size>0x46</size>
         <input_file_ref idref="fl-df"/>
      </object_component>
      <object_component id="oc-98">
         <name>.debug_info</name>
         <load_address>0x11acb</load_address>
         <run_address>0x11acb</run_address>
         <size>0x147</size>
         <input_file_ref idref="fl-e0"/>
      </object_component>
      <object_component id="oc-37c">
         <name>.debug_info</name>
         <load_address>0x11c12</load_address>
         <run_address>0x11c12</run_address>
         <size>0x134</size>
         <input_file_ref idref="fl-e1"/>
      </object_component>
      <object_component id="oc-268">
         <name>.debug_info</name>
         <load_address>0x11d46</load_address>
         <run_address>0x11d46</run_address>
         <size>0x4b3</size>
         <input_file_ref idref="fl-e2"/>
      </object_component>
      <object_component id="oc-170">
         <name>.debug_info</name>
         <load_address>0x121f9</load_address>
         <run_address>0x121f9</run_address>
         <size>0x1a6</size>
         <input_file_ref idref="fl-e2"/>
      </object_component>
      <object_component id="oc-346">
         <name>.debug_info</name>
         <load_address>0x1239f</load_address>
         <run_address>0x1239f</run_address>
         <size>0x39</size>
         <input_file_ref idref="fl-e2"/>
      </object_component>
      <object_component id="oc-3da">
         <name>.debug_info</name>
         <load_address>0x123d8</load_address>
         <run_address>0x123d8</run_address>
         <size>0x39</size>
         <input_file_ref idref="fl-e2"/>
      </object_component>
      <object_component id="oc-34b">
         <name>.debug_info</name>
         <load_address>0x12411</load_address>
         <run_address>0x12411</run_address>
         <size>0x39</size>
         <input_file_ref idref="fl-e2"/>
      </object_component>
      <object_component id="oc-350">
         <name>.debug_info</name>
         <load_address>0x1244a</load_address>
         <run_address>0x1244a</run_address>
         <size>0xcd</size>
         <input_file_ref idref="fl-e2"/>
      </object_component>
      <object_component id="oc-9d">
         <name>.debug_info</name>
         <load_address>0x12517</load_address>
         <run_address>0x12517</run_address>
         <size>0x153</size>
         <input_file_ref idref="fl-e3"/>
      </object_component>
      <object_component id="oc-167">
         <name>.debug_info</name>
         <load_address>0x1266a</load_address>
         <run_address>0x1266a</run_address>
         <size>0x122</size>
         <input_file_ref idref="fl-e5"/>
      </object_component>
      <object_component id="oc-340">
         <name>.debug_info</name>
         <load_address>0x1278c</load_address>
         <run_address>0x1278c</run_address>
         <size>0x2c9</size>
         <input_file_ref idref="fl-e6"/>
      </object_component>
      <object_component id="oc-262">
         <name>.debug_info</name>
         <load_address>0x12a55</load_address>
         <run_address>0x12a55</run_address>
         <size>0x11e</size>
         <input_file_ref idref="fl-e6"/>
      </object_component>
      <object_component id="oc-339">
         <name>.debug_info</name>
         <load_address>0x12b73</load_address>
         <run_address>0x12b73</run_address>
         <size>0x12e</size>
         <input_file_ref idref="fl-e6"/>
      </object_component>
      <object_component id="oc-3f4">
         <name>.debug_info</name>
         <load_address>0x12ca1</load_address>
         <run_address>0x12ca1</run_address>
         <size>0x29c</size>
         <input_file_ref idref="fl-e7"/>
      </object_component>
      <object_component id="oc-381">
         <name>.debug_info</name>
         <load_address>0x12f3d</load_address>
         <run_address>0x12f3d</run_address>
         <size>0x1da</size>
         <input_file_ref idref="fl-e7"/>
      </object_component>
      <object_component id="oc-379">
         <name>.debug_info</name>
         <load_address>0x13117</load_address>
         <run_address>0x13117</run_address>
         <size>0x2b9</size>
         <input_file_ref idref="fl-e9"/>
      </object_component>
      <object_component id="oc-2b9">
         <name>.debug_info</name>
         <load_address>0x133d0</load_address>
         <run_address>0x133d0</run_address>
         <size>0x17c</size>
         <input_file_ref idref="fl-e9"/>
      </object_component>
      <object_component id="oc-3ea">
         <name>.debug_info</name>
         <load_address>0x1354c</load_address>
         <run_address>0x1354c</run_address>
         <size>0xf9</size>
         <input_file_ref idref="fl-ea"/>
      </object_component>
      <object_component id="oc-376">
         <name>.debug_info</name>
         <load_address>0x13645</load_address>
         <run_address>0x13645</run_address>
         <size>0x105</size>
         <input_file_ref idref="fl-ea"/>
      </object_component>
      <object_component id="oc-3af">
         <name>.debug_info</name>
         <load_address>0x1374a</load_address>
         <run_address>0x1374a</run_address>
         <size>0x2a7</size>
         <input_file_ref idref="fl-eb"/>
      </object_component>
      <object_component id="oc-2db">
         <name>.debug_info</name>
         <load_address>0x139f1</load_address>
         <run_address>0x139f1</run_address>
         <size>0x1b8</size>
         <input_file_ref idref="fl-eb"/>
      </object_component>
      <object_component id="oc-3fc">
         <name>.debug_info</name>
         <load_address>0x13ba9</load_address>
         <run_address>0x13ba9</run_address>
         <size>0x29a</size>
         <input_file_ref idref="fl-ec"/>
      </object_component>
      <object_component id="oc-3ab">
         <name>.debug_info</name>
         <load_address>0x13e43</load_address>
         <run_address>0x13e43</run_address>
         <size>0x262</size>
         <input_file_ref idref="fl-ec"/>
      </object_component>
      <object_component id="oc-374">
         <name>.debug_info</name>
         <load_address>0x140a5</load_address>
         <run_address>0x140a5</run_address>
         <size>0x28f</size>
         <input_file_ref idref="fl-ed"/>
      </object_component>
      <object_component id="oc-2b1">
         <name>.debug_info</name>
         <load_address>0x14334</load_address>
         <run_address>0x14334</run_address>
         <size>0x245</size>
         <input_file_ref idref="fl-ed"/>
      </object_component>
      <object_component id="oc-3b6">
         <name>.debug_info</name>
         <load_address>0x14579</load_address>
         <run_address>0x14579</run_address>
         <size>0x28f</size>
         <input_file_ref idref="fl-ee"/>
      </object_component>
      <object_component id="oc-2e3">
         <name>.debug_info</name>
         <load_address>0x14808</load_address>
         <run_address>0x14808</run_address>
         <size>0x15a</size>
         <input_file_ref idref="fl-ee"/>
      </object_component>
      <object_component id="oc-3ff">
         <name>.debug_info</name>
[...]
      </symbol>
      <symbol id="sm-1bf">
         <name>flag</name>
         <value>0x20000fb8</value>
         <object_component_ref idref="oc-dd"/>
      </symbol>
      <symbol id="sm-1de">
         <name>turn_clockwise</name>
         <value>0x34db</value>
         <object_component_ref idref="oc-d7"/>
      </symbol>
      <symbol id="sm-1df">
         <name>go_around_left</name>
         <value>0x35b3</value>
         <object_component_ref idref="oc-d7"/>
      </symbol>
      <symbol id="sm-1e0">
         <name>go_around_right</name>
         <value>0x35e9</value>
         <object_component_ref idref="oc-d7"/>
      </symbol>
      <symbol id="sm-1e1">
         <name>move_foward</name>
         <value>0x3381</value>
         <object_component_ref idref="oc-d7"/>
      </symbol>
      <symbol id="sm-1e2">
         <name>move_backward</name>
         <value>0x345b</value>
         <object_component_ref idref="oc-d7"/>
      </symbol>
      <symbol id="sm-1e3">
         <name>turn_cclockwise</name>
         <value>0x354f</value>
         <object_component_ref idref="oc-d7"/>
      </symbol>
      <symbol id="sm-2ac">
         <name>go_charge</name>
         <value>0x172b</value>
         <object_component_ref idref="oc-14c"/>
      </symbol>
      <symbol id="sm-2ad">
         <name>GPIOF_Handler</name>
         <value>0x196f</value>
         <object_component_ref idref="oc-14c"/>
      </symbol>
      <symbol id="sm-2ae">
         <name>oi_free</name>
         <value>0x1025</value>
         <object_component_ref idref="oc-14c"/>
      </symbol>
      <symbol id="sm-2af">
         <name>oi_getMotorCalibrationRight</name>
         <value>0x1bad</value>
         <object_component_ref idref="oc-14c"/>
      </symbol>
      <symbol id="sm-2b0">
         <name>oi_uartReceive</name>
         <value>0x17dd</value>
         <object_component_ref idref="oc-14c"/>
      </symbol>
      <symbol id="sm-2b1">
         <name>oi_setWheels</name>
         <value>0x163b</value>
         <object_component_ref idref="oc-14c"/>
      </symbol>
      <symbol id="sm-2b2">
         <name>oi_shutoff_init</name>
         <value>0x18fd</value>
         <object_component_ref idref="oc-14c"/>
      </symbol>
      <symbol id="sm-2b3">
         <name>motor_cal_factor_L</name>
         <value>0x20000f90</value>
         <object_component_ref idref="oc-24d"/>
      </symbol>
      <symbol id="sm-2b4">
         <name>motor_cal_factor_R</name>
         <value>0x20000f94</value>
         <object_component_ref idref="oc-24d"/>
      </symbol>
      <symbol id="sm-2b5">
         <name>oi_parseInt</name>
         <value>0x588b</value>
         <object_component_ref idref="oc-246"/>
      </symbol>
      <symbol id="sm-2b6">
         <name>oi_setMotorCalibration</name>
         <value>0x1b5d</value>
         <object_component_ref idref="oc-14c"/>
      </symbol>
      <symbol id="sm-2b7">
         <name>oi_uartSendStr</name>
         <value>0x1805</value>
         <object_component_ref idref="oc-14c"/>
      </symbol>
      <symbol id="sm-2b8">
         <name>oi_close</name>
         <value>0x1073</value>
         <object_component_ref idref="oc-14c"/>
      </symbol>
      <symbol id="sm-2b9">
         <name>oi_uartSendBuff</name>
         <value>0x1823</value>
         <object_component_ref idref="oc-14c"/>
      </symbol>
      <symbol id="sm-2ba">
         <name>oi_checkFirmware</name>
         <value>0x1855</value>
         <object_component_ref idref="oc-14c"/>
      </symbol>
      <symbol id="sm-2bb">
         <name>oi_init_noupdate</name>
         <value>0x1035</value>
         <object_component_ref idref="oc-14c"/>
      </symbol>
      <symbol id="sm-2bc">
         <name>oi_uartSendChar</name>
         <value>0x17c1</value>
         <object_component_ref idref="oc-14c"/>
      </symbol>
      <symbol id="sm-2bd">
         <name>oi_alloc</name>
         <value>0x1019</value>
         <object_component_ref idref="oc-14c"/>
      </symbol>
      <symbol id="sm-2be">
         <name>oi_getMotorCalibrationLeft</name>
         <value>0x1b99</value>
         <object_component_ref idref="oc-14c"/>
      </symbol>
      <symbol id="sm-2bf">
         <name>oi_loadSong</name>
         <value>0x16c1</value>
         <object_component_ref idref="oc-14c"/>
      </symbol>
      <symbol id="sm-2c0">
         <name>oi_play_song</name>
         <value>0x1717</value>
         <object_component_ref idref="oc-14c"/>
      </symbol>
      <symbol id="sm-2c1">
         <name>oi_parsePacket</name>
         <value>0x10d7</value>
         <object_component_ref idref="oc-14c"/>
      </symbol>
      <symbol id="sm-2c2">
         <name>oi_setLeds</name>
         <value>0x15f7</value>
         <object_component_ref idref="oc-14c"/>
      </symbol>
      <symbol id="sm-2c3">
         <name>oi_init</name>
         <value>0x105d</value>
         <object_component_ref idref="oc-14c"/>
      </symbol>
      <symbol id="sm-2c4">
         <name>oi_update</name>
         <value>0x1085</value>
         <object_component_ref idref="oc-14c"/>
      </symbol>
      <symbol id="sm-2c5">
         <name>oi_uartInit</name>
         <value>0x1739</value>
         <object_component_ref idref="oc-14c"/>
      </symbol>
      <symbol id="sm-2fb">
         <name>ping_read</name>
         <value>0x3dad</value>
         <object_component_ref idref="oc-130"/>
      </symbol>
      <symbol id="sm-2fc">
         <name>send_pulse</name>
         <value>0x3e29</value>
         <object_component_ref idref="oc-130"/>
      </symbol>
      <symbol id="sm-2fd">
         <name>ping_interrupt_init</name>
         <value>0x3e8d</value>
         <object_component_ref idref="oc-130"/>
      </symbol>
      <symbol id="sm-2fe">
         <name>ping_initi</name>
         <value>0x3d35</value>
         <object_component_ref idref="oc-130"/>
      </symbol>
      <symbol id="sm-2ff">
         <name>ping_interrupt_handler</name>
         <value>0x3eb7</value>
         <object_component_ref idref="oc-130"/>
      </symbol>
      <symbol id="sm-33a">
         <name>servo_move</name>
         <value>0x391d</value>
         <object_component_ref idref="oc-ea"/>
      </symbol>
      <symbol id="sm-33b">
         <name>delta_degrees</name>
         <value>0x20000fd0</value>
         <object_component_ref idref="oc-1c4"/>
      </symbol>
      <symbol id="sm-33c">
         <name>servo_init</name>
         <value>0x38a1</value>
         <object_component_ref idref="oc-ea"/>
      </symbol>
      <symbol id="sm-33d">
         <name>servo_cal</name>
         <value>0x39bd</value>
         <object_component_ref idref="oc-ea"/>
      </symbol>
      <symbol id="sm-33e">
         <name>servo_dir</name>
         <value>0x20000fd4</value>
         <object_component_ref idref="oc-1c4"/>
      </symbol>
      <symbol id="sm-33f">
         <name>curr_val</name>
         <value>0x20000fd8</value>
         <object_component_ref idref="oc-1c4"/>
      </symbol>
      <symbol id="sm-35b">
         <name>ResetISR</name>
         <value>0x5945</value>
         <object_component_ref idref="oc-2a"/>
      </symbol>
      <symbol id="sm-35c">
         <name>g_pfnVectors</name>
         <value>0x0</value>
         <object_component_ref idref="oc-12"/>
      </symbol>
      <symbol id="sm-38b">
         <name>uart_interrupt_handler</name>
         <value>0x441d</value>
         <object_component_ref idref="oc-e4"/>
      </symbol>
      <symbol id="sm-38c">
         <name>uart_sendChar</name>
         <value>0x437f</value>
         <object_component_ref idref="oc-e4"/>
      </symbol>
      <symbol id="sm-38d">
         <name>uart_interrupt_init</name>
         <value>0x43ed</value>
         <object_component_ref idref="oc-e4"/>
      </symbol>
      <symbol id="sm-38e">
         <name>uart_init</name>
         <value>0x42f5</value>
         <object_component_ref idref="oc-e4"/>
      </symbol>
      <symbol id="sm-38f">
         <name>uart_receive</name>
         <value>0x439b</value>
         <object_component_ref idref="oc-e4"/>
      </symbol>
      <symbol id="sm-390">
         <name>uart_sendStr</name>
         <value>0x43cf</value>
         <object_component_ref idref="oc-e4"/>
      </symbol>
      <symbol id="sm-426">
         <name>pow</name>
         <value>0x2689</value>
         <object_component_ref idref="oc-101"/>
      </symbol>
      <symbol id="sm-427">
         <name>powl</name>
         <value>0x2689</value>
         <object_component_ref idref="oc-101"/>
      </symbol>
      <symbol id="sm-449">
         <name>sqrtl</name>
         <value>0x4499</value>
         <object_component_ref idref="oc-1d4"/>
      </symbol>
      <symbol id="sm-44a">
         <name>sqrt</name>
         <value>0x4499</value>
         <object_component_ref idref="oc-1d4"/>
      </symbol>
      <symbol id="sm-471">
         <name>scalbn</name>
         <value>0x4989</value>
         <object_component_ref idref="oc-1e3"/>
      </symbol>
      <symbol id="sm-472">
         <name>scalbnl</name>
         <value>0x4989</value>
         <object_component_ref idref="oc-1e3"/>
      </symbol>
      <symbol id="sm-473">
         <name>ldexpl</name>
         <value>0x4989</value>
         <object_component_ref idref="oc-1e3"/>
      </symbol>
      <symbol id="sm-474">
         <name>ldexp</name>
         <value>0x4989</value>
         <object_component_ref idref="oc-1e3"/>
      </symbol>
      <symbol id="sm-49b">
         <name>sprintf</name>
         <value>0x55cd</value>
         <object_component_ref idref="oc-11b"/>
      </symbol>
      <symbol id="sm-4c5">
         <name>vsnprintf</name>
         <value>0x560d</value>
         <object_component_ref idref="oc-223"/>
      </symbol>
      <symbol id="sm-4dc">
         <name>__aeabi_dsub</name>
         <value>0x413d</value>
         <object_component_ref idref="oc-10c"/>
      </symbol>
      <symbol id="sm-4dd">
         <name>__aeabi_dadd</name>
         <value>0x4147</value>
         <object_component_ref idref="oc-10c"/>
      </symbol>
      <symbol id="sm-4ff">
         <name>__aeabi_cdcmpeq</name>
         <value>0x5059</value>
         <object_component_ref idref="oc-121"/>
      </symbol>
      <symbol id="sm-500">
         <name>__aeabi_cdcmple</name>
         <value>0x5059</value>
         <object_component_ref idref="oc-121"/>
      </symbol>
      <symbol id="sm-501">
         <name>__aeabi_cdrcmple</name>
         <value>0x50df</value>
         <object_component_ref idref="oc-12a"/>
      </symbol>
      <symbol id="sm-515">
         <name>__aeabi_ddiv</name>
         <value>0x472d</value>
         <object_component_ref idref="oc-136"/>
      </symbol>
      <symbol id="sm-520">
         <name>__aeabi_dmul</name>
         <value>0x4c95</value>
         <object_component_ref idref="oc-107"/>
      </symbol>
      <symbol id="sm-52a">
         <name>__aeabi_d2iz</name>
         <value>0x5541</value>
         <object_component_ref idref="oc-13b"/>
      </symbol>
      <symbol id="sm-536">
         <name>__aeabi_d2f</name>
         <value>0x52bf</value>
         <object_component_ref idref="oc-111"/>
      </symbol>
      <symbol id="sm-541">
         <name>__aeabi_f2d</name>
         <value>0x56c5</value>
         <object_component_ref idref="oc-116"/>
      </symbol>
      <symbol id="sm-54b">
         <name>__aeabi_i2d</name>
         <value>0x5795</value>
         <object_component_ref idref="oc-fc"/>
      </symbol>
      <symbol id="sm-566">
         <name>memcpy</name>
         <value>0x4f27</value>
         <object_component_ref idref="oc-3e"/>
      </symbol>
      <symbol id="sm-567">
         <name>__aeabi_memcpy</name>
         <value>0x4f27</value>
         <object_component_ref idref="oc-3e"/>
      </symbol>
      <symbol id="sm-568">
         <name>__aeabi_memcpy8</name>
         <value>0x4f27</value>
         <object_component_ref idref="oc-3e"/>
      </symbol>
      <symbol id="sm-569">
         <name>__aeabi_memcpy4</name>
         <value>0x4f27</value>
         <object_component_ref idref="oc-3e"/>
      </symbol>
      <symbol id="sm-582">
         <name>__TI_zero_init_nomemset</name>
         <value>0x57ed</value>
         <object_component_ref idref="oc-4a"/>
      </symbol>
      <symbol id="sm-599">
         <name>__TI_decompress_none</name>
         <value>0x592b</value>
         <object_component_ref idref="oc-1b"/>
      </symbol>
      <symbol id="sm-5bc">
         <name>__TI_decompress_lzss</name>
         <value>0x532d</value>
         <object_component_ref idref="oc-15"/>
      </symbol>
      <symbol id="sm-651">
         <name>_sys_memory</name>
         <value>0x20000a70</value>
         <object_component_ref idref="oc-24"/>
      </symbol>
      <symbol id="sm-652">
         <name>free</name>
         <value>0x4d91</value>
         <object_component_ref idref="oc-240"/>
      </symbol>
      <symbol id="sm-653">
         <name>memalign</name>
         <value>0x4a99</value>
         <object_component_ref idref="oc-3cb"/>
      </symbol>
      <symbol id="sm-654">
         <name>calloc</name>
         <value>0x568d</value>
         <object_component_ref idref="oc-23a"/>
      </symbol>
      <symbol id="sm-655">
         <name>malloc</name>
         <value>0x5965</value>
         <object_component_ref idref="oc-31b"/>
      </symbol>
      <symbol id="sm-656">
         <name>aligned_alloc</name>
         <value>0x4a99</value>
         <object_component_ref idref="oc-3cb"/>
      </symbol>
      <symbol id="sm-665">
         <name>strcmp</name>
         <value>0x58a3</value>
         <object_component_ref idref="oc-229"/>
      </symbol>
      <symbol id="sm-673">
         <name>strcpy</name>
         <value>0x58d1</value>
         <object_component_ref idref="oc-22f"/>
      </symbol>
      <symbol id="sm-686">
         <name>__stack</name>
         <value>0x20000270</value>
         <object_component_ref idref="oc-27"/>
      </symbol>
      <symbol id="sm-687">
         <name>_c_int00_noargs</name>
         <value>0x5731</value>
         <object_component_ref idref="oc-5c"/>
      </symbol>
      <symbol id="sm-69d">
         <name>__aeabi_errno_addr</name>
         <value>0x595d</value>
         <object_component_ref idref="oc-1da"/>
      </symbol>
      <symbol id="sm-69e">
         <name>errno</name>
         <value>0x20000fec</value>
         <object_component_ref idref="oc-295"/>
      </symbol>
      <symbol id="sm-6a8">
         <name>copysign</name>
         <value>0x5841</value>
         <object_component_ref idref="oc-29c"/>
      </symbol>
      <symbol id="sm-6a9">
         <name>copysignl</name>
         <value>0x5841</value>
         <object_component_ref idref="oc-29c"/>
      </symbol>
      <symbol id="sm-80e">
         <name>__TI_printfi</name>
         <value>0x1c39</value>
         <object_component_ref idref="oc-1f5"/>
      </symbol>
      <symbol id="sm-81d">
         <name>__aeabi_memset</name>
         <value>0x5167</value>
         <object_component_ref idref="oc-96"/>
      </symbol>
      <symbol id="sm-81e">
         <name>memset</name>
         <value>0x516d</value>
         <object_component_ref idref="oc-96"/>
      </symbol>
      <symbol id="sm-81f">
         <name>__aeabi_memset8</name>
         <value>0x5167</value>
         <object_component_ref idref="oc-96"/>
      </symbol>
      <symbol id="sm-820">
         <name>__aeabi_memset4</name>
         <value>0x5167</value>
         <object_component_ref idref="oc-96"/>
      </symbol>
      <symbol id="sm-821">
         <name>__aeabi_memclr8</name>
         <value>0x5165</value>
         <object_component_ref idref="oc-96"/>
      </symbol>
      <symbol id="sm-822">
         <name>__aeabi_memclr4</name>
         <value>0x5165</value>
         <object_component_ref idref="oc-96"/>
      </symbol>
      <symbol id="sm-823">
         <name>__aeabi_memclr</name>
         <value>0x5165</value>
         <object_component_ref idref="oc-96"/>
      </symbol>
      <symbol id="sm-830">
         <name>__aeabi_uldivmod</name>
         <value>0x4fc3</value>
         <object_component_ref idref="oc-37a"/>
      </symbol>
      <symbol id="sm-858">
         <name>__TI_auto_init_nobinit_nopinit</name>
         <value>0x5589</value>
         <object_component_ref idref="oc-16f"/>
      </symbol>
      <symbol id="sm-862">
         <name>_system_pre_init</name>
         <value>0x596d</value>
         <object_component_ref idref="oc-9c"/>
      </symbol>
      <symbol id="sm-86e">
         <name>C$$EXIT</name>
         <value>0x5971</value>
         <object_component_ref idref="oc-163"/>
      </symbol>
      <symbol id="sm-86f">
         <name>abort</name>
         <value>0x5971</value>
         <object_component_ref idref="oc-163"/>
      </symbol>
      <symbol id="sm-884">
         <name>_nop</name>
         <value>0x2687</value>
         <object_component_ref idref="oc-338"/>
      </symbol>
      <symbol id="sm-885">
         <name>_lock</name>
         <value>0x20000fdc</value>
         <object_component_ref idref="oc-261"/>
      </symbol>
      <symbol id="sm-886">
         <name>_unlock</name>
         <value>0x20000fe0</value>
         <object_component_ref idref="oc-261"/>
      </symbol>
      <symbol id="sm-895">
         <name>__TI_ltoa</name>
         <value>0x544f</value>
         <object_component_ref idref="oc-380"/>
      </symbol>
      <symbol id="sm-8ac">
         <name>atoi</name>
         <value>0x54f5</value>
         <object_component_ref idref="oc-2b6"/>
      </symbol>
      <symbol id="sm-8b7">
         <name>_ctypes_</name>
         <value>0x5978</value>
         <object_component_ref idref="oc-375"/>
      </symbol>
      <symbol id="sm-8c7">
         <name>memccpy</name>
         <value>0x5825</value>
         <object_component_ref idref="oc-2da"/>
      </symbol>
      <symbol id="sm-8d7">
         <name>strchr</name>
         <value>0x58bb</value>
         <object_component_ref idref="oc-3a7"/>
      </symbol>
      <symbol id="sm-8e5">
         <name>strlen</name>
         <value>0x58e5</value>
         <object_component_ref idref="oc-2b0"/>
      </symbol>
      <symbol id="sm-8fe">
         <name>wcslen</name>
         <value>0x58f9</value>
         <object_component_ref idref="oc-2e0"/>
      </symbol>
      <symbol id="sm-914">
         <name>frexpl</name>
         <value>0x5395</value>
         <object_component_ref idref="oc-3a1"/>
      </symbol>
      <symbol id="sm-915">
         <name>frexp</name>
         <value>0x5395</value>
         <object_component_ref idref="oc-3a1"/>
      </symbol>
      <symbol id="sm-91f">
         <name>__aeabi_idiv0</name>
         <value>0x42f3</value>
         <object_component_ref idref="oc-3ed"/>
      </symbol>
      <symbol id="sm-920">
         <name>__aeabi_ldiv0</name>
         <value>0x42f3</value>
         <object_component_ref idref="oc-3ed"/>
      </symbol>
      <symbol id="sm-94f">
         <name>IntRegister</name>
         <value>0x56fd</value>
         <object_component_ref idref="oc-1bc"/>
      </symbol>
      <symbol id="sm-950">
         <name>g_pfnRAMVectors</name>
         <value>0x20000000</value>
         <object_component_ref idref="oc-27f"/>
      </symbol>
      <symbol id="sm-951">
         <name>IntMasterEnable</name>
         <value>0x590b</value>
         <object_component_ref idref="oc-152"/>
      </symbol>
      <symbol id="sm-95b">
         <name>CPUcpsie</name>
         <value>0x5939</value>
         <object_component_ref idref="oc-256"/>
      </symbol>
      <symbol id="sm-95c">
         <name>__TI_static_base__</name>
         <value>0x0</value>
      </symbol>
      <symbol id="sm-95f">
         <name>__mpu_init</name>
         <value>0x0</value>
      </symbol>
      <symbol id="sm-960">
         <name>_system_post_cinit</name>
         <value>0x0</value>
      </symbol>
   </symbol_table>
   <title>Link successful</title>
</link_info>
